ARM Linker, 4.1 [Build 894] [Standard]

==============================================================================

Section Cross References

    main.o(i.App_TaskCreate) refers to rit_test.o(i.Pluse_Init) for Pluse_Init
    main.o(i.App_TaskCreate) refers to rit_test.o(i.RIT_Test_Init) for RIT_Test_Init
    main.o(i.App_TaskStart) refers to os_cpu_c.o(i.OS_CPU_SysTickInit) for OS_CPU_SysTickInit
    main.o(i.App_TaskStart) refers to os_core.o(i.OSStatInit) for OSStatInit
    main.o(i.App_TaskStart) refers to main.o(i.App_TaskCreate) for App_TaskCreate
    main.o(i.App_TaskStart) refers to os_time.o(i.OSTimeDlyHMSM) for OSTimeDlyHMSM
    main.o(i.App_TaskStart) refers to system_lpc17xx.o(.data) for SystemCoreClock
    main.o(i.main) refers to os_cpu_a.o(OSKernelschedular) for IntDisAll
    main.o(i.main) refers to os_core.o(i.OSInit) for OSInit
    main.o(i.main) refers to os_task.o(i.OSTaskCreateExt) for OSTaskCreateExt
    main.o(i.main) refers to os_task.o(i.OSTaskNameSet) for OSTaskNameSet
    main.o(i.main) refers to os_core.o(i.OSStart) for OSStart
    main.o(i.main) refers to main.o(.bss) for App_TaskStartStk
    main.o(i.main) refers to main.o(i.App_TaskStart) for App_TaskStart
    uctsk_task.o(i.App_UCGUI_TaskCreate) refers to os_task.o(i.OSTaskCreate) for OSTaskCreate
    uctsk_task.o(i.App_UCGUI_TaskCreate) refers to os_task.o(i.OSTaskNameSet) for OSTaskNameSet
    uctsk_task.o(i.App_UCGUI_TaskCreate) refers to uctsk_task.o(.bss) for App_Task_UCGUI_Stk
    uctsk_task.o(i.App_UCGUI_TaskCreate) refers to uctsk_task.o(i.uctsk_UCGUI) for uctsk_UCGUI
    uctsk_task.o(i.App_UCGUI_TaskCreate) refers to uctsk_task.o(i.uctsk_TouchPanel) for uctsk_TouchPanel
    uctsk_task.o(i.uctsk_TouchPanel) refers to touchpanel.o(i.TP_Init) for TP_Init
    uctsk_task.o(i.uctsk_TouchPanel) refers to gui_touch_driveranalog.o(i.GUI_TOUCH_Exec) for GUI_TOUCH_Exec
    uctsk_task.o(i.uctsk_TouchPanel) refers to os_time.o(i.OSTimeDlyHMSM) for OSTimeDlyHMSM
    uctsk_task.o(i.uctsk_UCGUI) refers to guicore.o(i.GUI_Init) for GUI_Init
    uctsk_task.o(i.uctsk_UCGUI) refers to guidemo_touch.o(i._ExecCalibration) for _ExecCalibration
    uctsk_task.o(i.uctsk_UCGUI) refers to maintask.o(i.MainTask) for MainTask
    touchpanel.o(i.ADS7843_SPI_Init) refers to touchpanel.o(i.LPC17xx_SPI_SetSpeed) for LPC17xx_SPI_SetSpeed
    touchpanel.o(i.RD_AD) refers to touchpanel.o(i.WR_CMD) for WR_CMD
    touchpanel.o(i.RD_AD) refers to touchpanel.o(i.DelayUS) for DelayUS
    touchpanel.o(i.Read_Ads7846) refers to memseta.o(.text) for __aeabi_memclr4
    touchpanel.o(i.Read_Ads7846) refers to touchpanel.o(i.TP_GetAdXY) for TP_GetAdXY
    touchpanel.o(i.Read_Ads7846) refers to touchpanel.o(.data) for screen
    touchpanel.o(i.Read_X) refers to touchpanel.o(i.DelayUS) for DelayUS
    touchpanel.o(i.Read_X) refers to touchpanel.o(i.WR_CMD) for WR_CMD
    touchpanel.o(i.Read_X) refers to touchpanel.o(i.RD_AD) for RD_AD
    touchpanel.o(i.Read_Y) refers to touchpanel.o(i.DelayUS) for DelayUS
    touchpanel.o(i.Read_Y) refers to touchpanel.o(i.WR_CMD) for WR_CMD
    touchpanel.o(i.Read_Y) refers to touchpanel.o(i.RD_AD) for RD_AD
    touchpanel.o(i.TP_GetAdXY) refers to touchpanel.o(i.Read_X) for Read_X
    touchpanel.o(i.TP_GetAdXY) refers to touchpanel.o(i.DelayUS) for DelayUS
    touchpanel.o(i.TP_GetAdXY) refers to touchpanel.o(i.Read_Y) for Read_Y
    touchpanel.o(i.TP_Init) refers to touchpanel.o(i.ADS7843_SPI_Init) for ADS7843_SPI_Init
    touchpanel.o(i.getDisplayPoint) refers to cdcmple.o(.text) for __aeabi_cdcmpeq
    touchpanel.o(i.getDisplayPoint) refers to dfltui.o(.text) for __aeabi_ui2d
    touchpanel.o(i.getDisplayPoint) refers to dmul.o(.text) for __aeabi_dmul
    touchpanel.o(i.getDisplayPoint) refers to dadd.o(.text) for __aeabi_dadd
    touchpanel.o(i.getDisplayPoint) refers to ddiv.o(.text) for __aeabi_ddiv
    touchpanel.o(i.getDisplayPoint) refers to dfixui.o(.text) for __aeabi_d2uiz
    touchpanel.o(i.setCalibrationMatrix) refers to dflti.o(.text) for __aeabi_i2d
    touchpanel.o(i.setCalibrationMatrix) refers to cdcmple.o(.text) for __aeabi_cdcmpeq
    system_lpc17xx.o(i.SystemCoreClockUpdate) refers to system_lpc17xx.o(.data) for SystemCoreClock
    startup_lpc17xx.o(RESET) refers to startup_lpc17xx.o(STACK) for __initial_sp
    startup_lpc17xx.o(RESET) refers to startup_lpc17xx.o(.text) for Reset_Handler
    startup_lpc17xx.o(RESET) refers to os_cpu_a.o(OSKernelschedular) for PendSV_Handler
    startup_lpc17xx.o(RESET) refers to os_cpu_c.o(i.SysTick_Handler) for SysTick_Handler
    startup_lpc17xx.o(RESET) refers to rit_test.o(i.RIT_IRQHandler) for RIT_IRQHandler
    startup_lpc17xx.o(.text) refers to system_lpc17xx.o(i.SystemInit) for SystemInit
    startup_lpc17xx.o(.text) refers to entry.o(.ARM.Collect$$$$00000000) for __main
    os_cpu_a.o(OSKernelschedular) refers to os_core.o(.data) for OSRunning
    os_cpu_c.o(i.OSInitHookBegin) refers to os_cpu_c.o(.data) for OSTmrCtr
[...]
    ..\Libraries\LCP1768_StdPeriph_Driver\source\lpc17xx_libcfg_default.c 0x00000000   Number         0  lpc17xx_libcfg_default.o ABSOLUTE
    ..\Libraries\LCP1768_StdPeriph_Driver\source\lpc17xx_mcpwm.c 0x00000000   Number         0  lpc17xx_mcpwm.o ABSOLUTE
    ..\Libraries\LCP1768_StdPeriph_Driver\source\lpc17xx_nvic.c 0x00000000   Number         0  lpc17xx_nvic.o ABSOLUTE
    ..\Libraries\LCP1768_StdPeriph_Driver\source\lpc17xx_pinsel.c 0x00000000   Number         0  lpc17xx_pinsel.o ABSOLUTE
    ..\Libraries\LCP1768_StdPeriph_Driver\source\lpc17xx_pwm.c 0x00000000   Number         0  lpc17xx_pwm.o ABSOLUTE
    ..\Libraries\LCP1768_StdPeriph_Driver\source\lpc17xx_qei.c 0x00000000   Number         0  lpc17xx_qei.o ABSOLUTE
    ..\Libraries\LCP1768_StdPeriph_Driver\source\lpc17xx_rit.c 0x00000000   Number         0  lpc17xx_rit.o ABSOLUTE
    ..\Libraries\LCP1768_StdPeriph_Driver\source\lpc17xx_rtc.c 0x00000000   Number         0  lpc17xx_rtc.o ABSOLUTE
    ..\Libraries\LCP1768_StdPeriph_Driver\source\lpc17xx_spi.c 0x00000000   Number         0  lpc17xx_spi.o ABSOLUTE
    ..\Libraries\LCP1768_StdPeriph_Driver\source\lpc17xx_ssp.c 0x00000000   Number         0  lpc17xx_ssp.o ABSOLUTE
    ..\Libraries\LCP1768_StdPeriph_Driver\source\lpc17xx_systick.c 0x00000000   Number         0  lpc17xx_systick.o ABSOLUTE
    ..\Libraries\LCP1768_StdPeriph_Driver\source\lpc17xx_timer.c 0x00000000   Number         0  lpc17xx_timer.o ABSOLUTE
    ..\Libraries\LCP1768_StdPeriph_Driver\source\lpc17xx_uart.c 0x00000000   Number         0  lpc17xx_uart.o ABSOLUTE
    ..\Libraries\LCP1768_StdPeriph_Driver\source\lpc17xx_wdt.c 0x00000000   Number         0  lpc17xx_wdt.o ABSOLUTE
    ..\USER\GLCD\GLCD.c                      0x00000000   Number         0  glcd.o ABSOLUTE
    ..\USER\GLCD\GLCD_UCGUI.c                0x00000000   Number         0  glcd_ucgui.o ABSOLUTE
    ..\USER\RIT\rit_test.c                   0x00000000   Number         0  rit_test.o ABSOLUTE
    ..\USER\TouchPanel\TouchPanel.c          0x00000000   Number         0  touchpanel.o ABSOLUTE
    ..\USER\main.c                           0x00000000   Number         0  main.o ABSOLUTE
    ..\USER\uCGUI\AntiAlias\GUIAACircle.c    0x00000000   Number         0  guiaacircle.o ABSOLUTE
    ..\USER\uCGUI\AntiAlias\GUIAALib.c       0x00000000   Number         0  guiaalib.o ABSOLUTE
    ..\USER\uCGUI\AntiAlias\GUIAAPoly.c      0x00000000   Number         0  guiaapoly.o ABSOLUTE
    ..\USER\uCGUI\ConvertColor\LCDPM565.c    0x00000000   Number         0  lcdpm565.o ABSOLUTE
    ..\USER\uCGUI\Core\GUI2DLib.c            0x00000000   Number         0  gui2dlib.o ABSOLUTE
    ..\USER\uCGUI\Core\GUIAlloc.c            0x00000000   Number         0  guialloc.o ABSOLUTE
    ..\USER\uCGUI\Core\GUIChar.c             0x00000000   Number         0  guichar.o ABSOLUTE
    ..\USER\uCGUI\Core\GUICharLine.c         0x00000000   Number         0  guicharline.o ABSOLUTE
    ..\USER\uCGUI\Core\GUICharM.c            0x00000000   Number         0  guicharm.o ABSOLUTE
    ..\USER\uCGUI\Core\GUICharP.c            0x00000000   Number         0  guicharp.o ABSOLUTE
    ..\USER\uCGUI\Core\GUICirc.c             0x00000000   Number         0  guicirc.o ABSOLUTE
    ..\USER\uCGUI\Core\GUIColor2Index.c      0x00000000   Number         0  guicolor2index.o ABSOLUTE
    ..\USER\uCGUI\Core\GUICore.c             0x00000000   Number         0  guicore.o ABSOLUTE
    ..\USER\uCGUI\Core\GUICurs.c             0x00000000   Number         0  guicurs.o ABSOLUTE
    ..\USER\uCGUI\Core\GUIEncJS.c            0x00000000   Number         0  guiencjs.o ABSOLUTE
    ..\USER\uCGUI\Core\GUIPolyR.c            0x00000000   Number         0  guipolyr.o ABSOLUTE
    ..\USER\uCGUI\Core\GUIRealloc.c          0x00000000   Number         0  guirealloc.o ABSOLUTE
    ..\USER\uCGUI\Core\GUITask.c             0x00000000   Number         0  guitask.o ABSOLUTE
    ..\USER\uCGUI\Core\GUITime.c             0x00000000   Number         0  guitime.o ABSOLUTE
    ..\USER\uCGUI\Core\GUIVal.c              0x00000000   Number         0  guival.o ABSOLUTE
    ..\USER\uCGUI\Core\GUI_ALLOC_AllocInit.c 0x00000000   Number         0  gui_alloc_allocinit.o ABSOLUTE
    ..\USER\uCGUI\Core\GUI_ALLOC_AllocZero.c 0x00000000   Number         0  gui_alloc_alloczero.o ABSOLUTE
    ..\USER\uCGUI\Core\GUI_AddBin.c          0x00000000   Number         0  gui_addbin.o ABSOLUTE
    ..\USER\uCGUI\Core\GUI_AddDecMin.c       0x00000000   Number         0  gui_adddecmin.o ABSOLUTE
    ..\USER\uCGUI\Core\GUI_AddDecShift.c     0x00000000   Number         0  gui_adddecshift.o ABSOLUTE
    ..\USER\uCGUI\Core\GUI_AddHex.c          0x00000000   Number         0  gui_addhex.o ABSOLUTE
    ..\USER\uCGUI\Core\GUI_CalcColorDist.c   0x00000000   Number         0  gui_calccolordist.o ABSOLUTE
    ..\USER\uCGUI\Core\GUI_ClearRectEx.c     0x00000000   Number         0  gui_clearrectex.o ABSOLUTE
    ..\USER\uCGUI\Core\GUI_Color2VisColor.c  0x00000000   Number         0  gui_color2viscolor.o ABSOLUTE
    ..\USER\uCGUI\Core\GUI_CursorArrowL.c    0x00000000   Number         0  gui_cursorarrowl.o ABSOLUTE
    ..\USER\uCGUI\Core\GUI_CursorArrowLI.c   0x00000000   Number         0  gui_cursorarrowli.o ABSOLUTE
    ..\USER\uCGUI\Core\GUI_CursorArrowLPx.c  0x00000000   Number         0  gui_cursorarrowlpx.o ABSOLUTE
    ..\USER\uCGUI\Core\GUI_CursorArrowM.c    0x00000000   Number         0  gui_cursorarrowm.o ABSOLUTE
    ..\USER\uCGUI\Core\GUI_CursorArrowMI.c   0x00000000   Number         0  gui_cursorarrowmi.o ABSOLUTE
    ..\USER\uCGUI\Core\GUI_CursorArrowMPx.c  0x00000000   Number         0  gui_cursorarrowmpx.o ABSOLUTE
    ..\USER\uCGUI\Core\GUI_CursorArrowS.c    0x00000000   Number         0  gui_cursorarrows.o ABSOLUTE
    ..\USER\uCGUI\Core\GUI_CursorArrowSI.c   0x00000000   Number         0  gui_cursorarrowsi.o ABSOLUTE
    ..\USER\uCGUI\Core\GUI_CursorArrowSPx.c  0x00000000   Number         0  gui_cursorarrowspx.o ABSOLUTE
    ..\USER\uCGUI\Core\GUI_CursorCrossL.c    0x00000000   Number         0  gui_cursorcrossl.o ABSOLUTE
    ..\USER\uCGUI\Core\GUI_CursorCrossLI.c   0x00000000   Number         0  gui_cursorcrossli.o ABSOLUTE
    ..\USER\uCGUI\Core\GUI_CursorCrossLPx.c  0x00000000   Number         0  gui_cursorcrosslpx.o ABSOLUTE
    ..\USER\uCGUI\Core\GUI_CursorCrossM.c    0x00000000   Number         0  gui_cursorcrossm.o ABSOLUTE
    ..\USER\uCGUI\Core\GUI_CursorCrossMI.c   0x00000000   Number         0  gui_cursorcrossmi.o ABSOLUTE
    ..\USER\uCGUI\Core\GUI_CursorCrossMPx.c  0x00000000   Number         0  gui_cursorcrossmpx.o ABSOLUTE
    ..\USER\uCGUI\Core\GUI_CursorCrossS.c    0x00000000   Number         0  gui_cursorcrosss.o ABSOLUTE
    ..\USER\uCGUI\Core\GUI_CursorCrossSI.c   0x00000000   Number         0  gui_cursorcrosssi.o ABSOLUTE
    ..\USER\uCGUI\Core\GUI_CursorCrossSPx.c  0x00000000   Number         0  gui_cursorcrossspx.o ABSOLUTE
    ..\USER\uCGUI\Core\GUI_CursorPal.c       0x00000000   Number         0  gui_cursorpal.o ABSOLUTE
    ..\USER\uCGUI\Core\GUI_CursorPalI.c      0x00000000   Number         0  gui_cursorpali.o ABSOLUTE
    ..\USER\uCGUI\Core\GUI_DispCEOL.c        0x00000000   Number         0  gui_dispceol.o ABSOLUTE
    ..\USER\uCGUI\Core\GUI_DispChar.c        0x00000000   Number         0  gui_dispchar.o ABSOLUTE
    ..\USER\uCGUI\Core\GUI_DispString.c      0x00000000   Number         0  gui_dispstring.o ABSOLUTE
    ..\USER\uCGUI\Core\GUI_DispStringAt.c    0x00000000   Number         0  gui_dispstringat.o ABSOLUTE
    ..\USER\uCGUI\Core\GUI_DispStringAtCEOL.c 0x00000000   Number         0  gui_dispstringatceol.o ABSOLUTE
    ..\USER\uCGUI\Core\GUI_DispStringHCenter.c 0x00000000   Number         0  gui_dispstringhcenter.o ABSOLUTE
    ..\USER\uCGUI\Core\GUI_DispStringInRect.c 0x00000000   Number         0  gui_dispstringinrect.o ABSOLUTE
    ..\USER\uCGUI\Core\GUI_DrawBitmap.c      0x00000000   Number         0  gui_drawbitmap.o ABSOLUTE
    ..\USER\uCGUI\Core\GUI_DrawBitmapEx.c    0x00000000   Number         0  gui_drawbitmapex.o ABSOLUTE
    ..\USER\uCGUI\Core\GUI_DrawFocusRect.c   0x00000000   Number         0  gui_drawfocusrect.o ABSOLUTE
    ..\USER\uCGUI\Core\GUI_DrawGraph.c       0x00000000   Number         0  gui_drawgraph.o ABSOLUTE
    ..\USER\uCGUI\Core\GUI_DrawHLine.c       0x00000000   Number         0  gui_drawhline.o ABSOLUTE
    ..\USER\uCGUI\Core\GUI_DrawVLine.c       0x00000000   Number         0  gui_drawvline.o ABSOLUTE
    ..\USER\uCGUI\Core\GUI_Exec.c            0x00000000   Number         0  gui_exec.o ABSOLUTE
    ..\USER\uCGUI\Core\GUI_FillPolygon.c     0x00000000   Number         0  gui_fillpolygon.o ABSOLUTE
    ..\USER\uCGUI\Core\GUI_FillRect.c        0x00000000   Number         0  gui_fillrect.o ABSOLUTE
    ..\USER\uCGUI\Core\GUI_FillRectEx.c      0x00000000   Number         0  gui_fillrectex.o ABSOLUTE
    ..\USER\uCGUI\Core\GUI_GetBitmapPixelIndex.c 0x00000000   Number         0  gui_getbitmappixelindex.o ABSOLUTE
    ..\USER\uCGUI\Core\GUI_GetClientRect.c   0x00000000   Number         0  gui_getclientrect.o ABSOLUTE
    ..\USER\uCGUI\Core\GUI_GetColor.c        0x00000000   Number         0  gui_getcolor.o ABSOLUTE
    ..\USER\uCGUI\Core\GUI_GetFontSizeY.c    0x00000000   Number         0  gui_getfontsizey.o ABSOLUTE
    ..\USER\uCGUI\Core\GUI_GetStringDistX.c  0x00000000   Number         0  gui_getstringdistx.o ABSOLUTE
    ..\USER\uCGUI\Core\GUI_GetTextExtend.c   0x00000000   Number         0  gui_gettextextend.o ABSOLUTE
    ..\USER\uCGUI\Core\GUI_GetVersionString.c 0x00000000   Number         0  gui_getversionstring.o ABSOLUTE
    ..\USER\uCGUI\Core\GUI_GetYSizeOfFont.c  0x00000000   Number         0  gui_getysizeoffont.o ABSOLUTE
    ..\USER\uCGUI\Core\GUI_Goto.c            0x00000000   Number         0  gui_goto.o ABSOLUTE
    ..\USER\uCGUI\Core\GUI_InvertRect.c      0x00000000   Number         0  gui_invertrect.o ABSOLUTE
    ..\USER\uCGUI\Core\GUI_IsInFont.c        0x00000000   Number         0  gui_isinfont.o ABSOLUTE
    ..\USER\uCGUI\Core\GUI_MergeRect.c       0x00000000   Number         0  gui_mergerect.o ABSOLUTE
    ..\USER\uCGUI\Core\GUI_MoveRect.c        0x00000000   Number         0  gui_moverect.o ABSOLUTE
    ..\USER\uCGUI\Core\GUI_OnKey.c           0x00000000   Number         0  gui_onkey.o ABSOLUTE
    ..\USER\uCGUI\Core\GUI_PID.c             0x00000000   Number         0  gui_pid.o ABSOLUTE
    ..\USER\uCGUI\Core\GUI_Pen.c             0x00000000   Number         0  gui_pen.o ABSOLUTE
    ..\USER\uCGUI\Core\GUI_RectsIntersect.c  0x00000000   Number         0  gui_rectsintersect.o ABSOLUTE
    ..\USER\uCGUI\Core\GUI_SaveContext.c     0x00000000   Number         0  gui_savecontext.o ABSOLUTE
    ..\USER\uCGUI\Core\GUI_SelectLCD.c       0x00000000   Number         0  gui_selectlcd.o ABSOLUTE
    ..\USER\uCGUI\Core\GUI_SetColor.c        0x00000000   Number         0  gui_setcolor.o ABSOLUTE
    ..\USER\uCGUI\Core\GUI_SetColorIndex.c   0x00000000   Number         0  gui_setcolorindex.o ABSOLUTE
    ..\USER\uCGUI\Core\GUI_SetDefault.c      0x00000000   Number         0  gui_setdefault.o ABSOLUTE
    ..\USER\uCGUI\Core\GUI_SetDrawMode.c     0x00000000   Number         0  gui_setdrawmode.o ABSOLUTE
    ..\USER\uCGUI\Core\GUI_SetFont.c         0x00000000   Number         0  gui_setfont.o ABSOLUTE
    ..\USER\uCGUI\Core\GUI_SetLUTEntry.c     0x00000000   Number         0  gui_setlutentry.o ABSOLUTE
    ..\USER\uCGUI\Core\GUI_SetLineStyle.c    0x00000000   Number         0  gui_setlinestyle.o ABSOLUTE
    ..\USER\uCGUI\Core\GUI_SetPixelIndex.c   0x00000000   Number         0  gui_setpixelindex.o ABSOLUTE
    ..\USER\uCGUI\Core\GUI_SetTextAlign.c    0x00000000   Number         0  gui_settextalign.o ABSOLUTE
    ..\USER\uCGUI\Core\GUI_SetTextMode.c     0x00000000   Number         0  gui_settextmode.o ABSOLUTE
    ..\USER\uCGUI\Core\GUI_TOUCH.c           0x00000000   Number         0  gui_touch.o ABSOLUTE
    ..\USER\uCGUI\Core\GUI_TOUCH_DriverAnalog.c 0x00000000   Number         0  gui_touch_driveranalog.o ABSOLUTE
    ..\USER\uCGUI\Core\GUI_TOUCH_StoreState.c 0x00000000   Number         0  gui_touch_storestate.o ABSOLUTE
    ..\USER\uCGUI\Core\GUI_TOUCH_StoreUnstable.c 0x00000000   Number         0  gui_touch_storeunstable.o ABSOLUTE
    ..\USER\uCGUI\Core\GUI_UC.c              0x00000000   Number         0  gui_uc.o ABSOLUTE
    ..\USER\uCGUI\Core\GUI_UC_EncodeNone.c   0x00000000   Number         0  gui_uc_encodenone.o ABSOLUTE
    ..\USER\uCGUI\Core\GUI__CalcTextRect.c   0x00000000   Number         0  gui__calctextrect.o ABSOLUTE
    ..\USER\uCGUI\Core\GUI__DivideRound.c    0x00000000   Number         0  gui__divideround.o ABSOLUTE
    ..\USER\uCGUI\Core\GUI__DivideRound32.c  0x00000000   Number         0  gui__divideround32.o ABSOLUTE
    ..\USER\uCGUI\Core\GUI__GetFontSizeY.c   0x00000000   Number         0  gui__getfontsizey.o ABSOLUTE
    ..\USER\uCGUI\Core\GUI__GetNumChars.c    0x00000000   Number         0  gui__getnumchars.o ABSOLUTE
    ..\USER\uCGUI\Core\GUI__HandleEOLine.c   0x00000000   Number         0  gui__handleeoline.o ABSOLUTE
    ..\USER\uCGUI\Core\GUI__IntersectRect.c  0x00000000   Number         0  gui__intersectrect.o ABSOLUTE
    ..\USER\uCGUI\Core\GUI__IntersectRects.c 0x00000000   Number         0  gui__intersectrects.o ABSOLUTE
    ..\USER\uCGUI\Core\GUI__ReduceRect.c     0x00000000   Number         0  gui__reducerect.o ABSOLUTE
    ..\USER\uCGUI\Core\GUI__SetText.c        0x00000000   Number         0  gui__settext.o ABSOLUTE
    ..\USER\uCGUI\Core\GUI__memset.c         0x00000000   Number         0  gui__memset.o ABSOLUTE
    ..\USER\uCGUI\Core\GUI__memset16.c       0x00000000   Number         0  gui__memset16.o ABSOLUTE
    ..\USER\uCGUI\Core\GUI__strcmp.c         0x00000000   Number         0  gui__strcmp.o ABSOLUTE
    ..\USER\uCGUI\Core\GUI__strlen.c         0x00000000   Number         0  gui__strlen.o ABSOLUTE
    ..\USER\uCGUI\Core\LCD.c                 0x00000000   Number         0  lcd.o ABSOLUTE
    ..\USER\uCGUI\Core\LCDAA.c               0x00000000   Number         0  lcdaa.o ABSOLUTE
    ..\USER\uCGUI\Core\LCDColor.c            0x00000000   Number         0  lcdcolor.o ABSOLUTE
    ..\USER\uCGUI\Core\LCDGetP.c             0x00000000   Number         0  lcdgetp.o ABSOLUTE
    ..\USER\uCGUI\Core\LCDInfo.c             0x00000000   Number         0  lcdinfo.o ABSOLUTE
    ..\USER\uCGUI\Core\LCDInfo0.c            0x00000000   Number         0  lcdinfo0.o ABSOLUTE
    ..\USER\uCGUI\Core\LCDPM565_Index2Color.c 0x00000000   Number         0  lcdpm565_index2color.o ABSOLUTE
    ..\USER\uCGUI\Core\LCDRLE4.c             0x00000000   Number         0  lcdrle4.o ABSOLUTE
    ..\USER\uCGUI\Core\LCDRLE8.c             0x00000000   Number         0  lcdrle8.o ABSOLUTE
    ..\USER\uCGUI\Core\LCD_API.c             0x00000000   Number         0  lcd_api.o ABSOLUTE
    ..\USER\uCGUI\Core\LCD_DrawVLine.c       0x00000000   Number         0  lcd_drawvline.o ABSOLUTE
    ..\USER\uCGUI\Core\LCD_GetColorIndex.c   0x00000000   Number         0  lcd_getcolorindex.o ABSOLUTE
    ..\USER\uCGUI\Core\LCD_GetPixelColor.c   0x00000000   Number         0  lcd_getpixelcolor.o ABSOLUTE
    ..\USER\uCGUI\Core\LCD_L0_Generic.c      0x00000000   Number         0  lcd_l0_generic.o ABSOLUTE
    ..\USER\uCGUI\Core\LCD_Mirror.c          0x00000000   Number         0  lcd_mirror.o ABSOLUTE
    ..\USER\uCGUI\Core\LCD_SelectLCD.c       0x00000000   Number         0  lcd_selectlcd.o ABSOLUTE
    ..\USER\uCGUI\Core\LCD_SetClipRectEx.c   0x00000000   Number         0  lcd_setcliprectex.o ABSOLUTE
    ..\USER\uCGUI\Core\LCD_UpdateColorIndices.c 0x00000000   Number         0  lcd_updatecolorindices.o ABSOLUTE
    ..\USER\uCGUI\Font\F08_1.c               0x00000000   Number         0  f08_1.o ABSOLUTE
    ..\USER\uCGUI\Font\F08_ASCII.c           0x00000000   Number         0  f08_ascii.o ABSOLUTE
    ..\USER\uCGUI\Font\F10S_1.c              0x00000000   Number         0  f10s_1.o ABSOLUTE
    ..\USER\uCGUI\Font\F10S_ASCII.c          0x00000000   Number         0  f10s_ascii.o ABSOLUTE
    ..\USER\uCGUI\Font\F13HB_1.c             0x00000000   Number         0  f13hb_1.o ABSOLUTE
    ..\USER\uCGUI\Font\F13HB_ASCII.c         0x00000000   Number         0  f13hb_ascii.o ABSOLUTE
    ..\USER\uCGUI\Font\F13H_1.c              0x00000000   Number         0  f13h_1.o ABSOLUTE
    ..\USER\uCGUI\Font\F13H_ASCII.c          0x00000000   Number         0  f13h_ascii.o ABSOLUTE
    ..\USER\uCGUI\Font\F13_1.c               0x00000000   Number         0  f13_1.o ABSOLUTE
    ..\USER\uCGUI\Font\F13_ASCII.c           0x00000000   Number         0  f13_ascii.o ABSOLUTE
    ..\USER\uCGUI\Font\F16B_1.c              0x00000000   Number         0  f16b_1.o ABSOLUTE
    ..\USER\uCGUI\Font\F16B_ASCII.c          0x00000000   Number         0  f16b_ascii.o ABSOLUTE
    ..\USER\uCGUI\Font\F16_1.c               0x00000000   Number         0  f16_1.o ABSOLUTE
    ..\USER\uCGUI\Font\F16_ASCII.c           0x00000000   Number         0  f16_ascii.o ABSOLUTE
    ..\USER\uCGUI\Font\F16_HK.c              0x00000000   Number         0  f16_hk.o ABSOLUTE
    ..\USER\uCGUI\Font\F24B_1.c              0x00000000   Number         0  f24b_1.o ABSOLUTE
    ..\USER\uCGUI\Font\F24B_ASCII.c          0x00000000   Number         0  f24b_ascii.o ABSOLUTE
    ..\USER\uCGUI\Font\F24_ASCII.c           0x00000000   Number         0  f24_ascii.o ABSOLUTE
    ..\USER\uCGUI\Font\F4x6.c                0x00000000   Number         0  f4x6.o ABSOLUTE
    ..\USER\uCGUI\Font\F6x8.c                0x00000000   Number         0  f6x8.o ABSOLUTE
    ..\USER\uCGUI\Font\F8x13_1.c             0x00000000   Number         0  f8x13_1.o ABSOLUTE
    ..\USER\uCGUI\Font\F8x13_ASCII.c         0x00000000   Number         0  f8x13_ascii.o ABSOLUTE
    ..\USER\uCGUI\Font\F8x15B_1.c            0x00000000   Number         0  f8x15b_1.o ABSOLUTE
    ..\USER\uCGUI\Font\F8x15B_ASCII.c        0x00000000   Number         0  f8x15b_ascii.o ABSOLUTE
    ..\USER\uCGUI\Font\F8x16.c               0x00000000   Number         0  f8x16.o ABSOLUTE
    ..\USER\uCGUI\Font\F8x8.c                0x00000000   Number         0  f8x8.o ABSOLUTE
    ..\USER\uCGUI\Font\FComic18B_1.c         0x00000000   Number         0  fcomic18b_1.o ABSOLUTE
    ..\USER\uCGUI\Font\FComic18B_ASCII.c     0x00000000   Number         0  fcomic18b_ascii.o ABSOLUTE
    ..\USER\uCGUI\Font\FComic24B_1.c         0x00000000   Number         0  fcomic24b_1.o ABSOLUTE
    ..\USER\uCGUI\Font\FComic24B_ASCII.c     0x00000000   Number         0  fcomic24b_ascii.o ABSOLUTE
    ..\USER\uCGUI\Font\FD24x32.c             0x00000000   Number         0  fd24x32.o ABSOLUTE
    ..\USER\uCGUI\Font\FD32.c                0x00000000   Number         0  fd32.o ABSOLUTE
    ..\USER\uCGUI\GUI_X_Touch.c              0x00000000   Number         0  gui_x_touch.o ABSOLUTE
    ..\USER\uCGUI\GUI_X_uCOS.c               0x00000000   Number         0  gui_x_ucos.o ABSOLUTE
    ..\USER\uCGUI\MemDev\GUIDEV.c            0x00000000   Number         0  guidev.o ABSOLUTE
    ..\USER\uCGUI\MemDev\GUIDEV_16.c         0x00000000   Number         0  guidev_16.o ABSOLUTE
    ..\USER\uCGUI\MemDev\GUIDEV_Auto.c       0x00000000   Number         0  guidev_auto.o ABSOLUTE
    ..\USER\uCGUI\MemDev\GUIDEV_Banding.c    0x00000000   Number         0  guidev_banding.o ABSOLUTE
    ..\USER\uCGUI\MemDev\GUIDEV_Clear.c      0x00000000   Number         0  guidev_clear.o ABSOLUTE
    ..\USER\uCGUI\MemDev\GUIDEV_GetYSize.c   0x00000000   Number         0  guidev_getysize.o ABSOLUTE
    ..\USER\uCGUI\MemDev\GUIDEV_Measure.c    0x00000000   Number         0  guidev_measure.o ABSOLUTE
    ..\USER\uCGUI\MemDev\GUIDEV_ReduceYSize.c 0x00000000   Number         0  guidev_reduceysize.o ABSOLUTE
    ..\USER\uCGUI\MemDev\GUIDEV_SetOrg.c     0x00000000   Number         0  guidev_setorg.o ABSOLUTE
    ..\USER\uCGUI\MemDev\GUIDEV_Usage.c      0x00000000   Number         0  guidev_usage.o ABSOLUTE
    ..\USER\uCGUI\MemDev\GUIDEV_UsageBM.c    0x00000000   Number         0  guidev_usagebm.o ABSOLUTE
    ..\USER\uCGUI\WM\WM.c                    0x00000000   Number         0  wm.o ABSOLUTE
    ..\USER\uCGUI\WM\WMMemDev.c              0x00000000   Number         0  wmmemdev.o ABSOLUTE
    ..\USER\uCGUI\WM\WMTouch.c               0x00000000   Number         0  wmtouch.o ABSOLUTE
    ..\USER\uCGUI\WM\WM_BringToBottom.c      0x00000000   Number         0  wm_bringtobottom.o ABSOLUTE
    ..\USER\uCGUI\WM\WM_BringToTop.c         0x00000000   Number         0  wm_bringtotop.o ABSOLUTE
    ..\USER\uCGUI\WM\WM_CheckScrollPos.c     0x00000000   Number         0  wm_checkscrollpos.o ABSOLUTE
    ..\USER\uCGUI\WM\WM_CriticalHandle.c     0x00000000   Number         0  wm_criticalhandle.o ABSOLUTE
    ..\USER\uCGUI\WM\WM_ForEachDesc.c        0x00000000   Number         0  wm_foreachdesc.o ABSOLUTE
    ..\USER\uCGUI\WM\WM_GetBkColor.c         0x00000000   Number         0  wm_getbkcolor.o ABSOLUTE
    ..\USER\uCGUI\WM\WM_GetClientRect.c      0x00000000   Number         0  wm_getclientrect.o ABSOLUTE
    ..\USER\uCGUI\WM\WM_GetClientWindow.c    0x00000000   Number         0  wm_getclientwindow.o ABSOLUTE
    ..\USER\uCGUI\WM\WM_GetDesktopWindow.c   0x00000000   Number         0  wm_getdesktopwindow.o ABSOLUTE
    ..\USER\uCGUI\WM\WM_GetDialogItem.c      0x00000000   Number         0  wm_getdialogitem.o ABSOLUTE
    ..\USER\uCGUI\WM\WM_GetFirstChild.c      0x00000000   Number         0  wm_getfirstchild.o ABSOLUTE
    ..\USER\uCGUI\WM\WM_GetFlags.c           0x00000000   Number         0  wm_getflags.o ABSOLUTE
    ..\USER\uCGUI\WM\WM_GetId.c              0x00000000   Number         0  wm_getid.o ABSOLUTE
    ..\USER\uCGUI\WM\WM_GetInsideRect.c      0x00000000   Number         0  wm_getinsiderect.o ABSOLUTE
    ..\USER\uCGUI\WM\WM_GetInsideRectExScrollbar.c 0x00000000   Number         0  wm_getinsiderectexscrollbar.o ABSOLUTE
    ..\USER\uCGUI\WM\WM_GetParent.c          0x00000000   Number         0  wm_getparent.o ABSOLUTE
    ..\USER\uCGUI\WM\WM_GetScrollPartner.c   0x00000000   Number         0  wm_getscrollpartner.o ABSOLUTE
    ..\USER\uCGUI\WM\WM_GetScrollState.c     0x00000000   Number         0  wm_getscrollstate.o ABSOLUTE
    ..\USER\uCGUI\WM\WM_GetScrollbar.c       0x00000000   Number         0  wm_getscrollbar.o ABSOLUTE
    ..\USER\uCGUI\WM\WM_GetWindowRect.c      0x00000000   Number         0  wm_getwindowrect.o ABSOLUTE
    ..\USER\uCGUI\WM\WM_GetWindowSize.c      0x00000000   Number         0  wm_getwindowsize.o ABSOLUTE
    ..\USER\uCGUI\WM\WM_HasCaptured.c        0x00000000   Number         0  wm_hascaptured.o ABSOLUTE
    ..\USER\uCGUI\WM\WM_Hide.c               0x00000000   Number         0  wm_hide.o ABSOLUTE
    ..\USER\uCGUI\WM\WM_IsFocussable.c       0x00000000   Number         0  wm_isfocussable.o ABSOLUTE
    ..\USER\uCGUI\WM\WM_IsWindow.c           0x00000000   Number         0  wm_iswindow.o ABSOLUTE
    ..\USER\uCGUI\WM\WM_Move.c               0x00000000   Number         0  wm_move.o ABSOLUTE
    ..\USER\uCGUI\WM\WM_MoveChildTo.c        0x00000000   Number         0  wm_movechildto.o ABSOLUTE
    ..\USER\uCGUI\WM\WM_NotifyParent.c       0x00000000   Number         0  wm_notifyparent.o ABSOLUTE
    ..\USER\uCGUI\WM\WM_OnKey.c              0x00000000   Number         0  wm_onkey.o ABSOLUTE
    ..\USER\uCGUI\WM\WM_ResizeWindow.c       0x00000000   Number         0  wm_resizewindow.o ABSOLUTE
    ..\USER\uCGUI\WM\WM_Screen2Win.c         0x00000000   Number         0  wm_screen2win.o ABSOLUTE
    ..\USER\uCGUI\WM\WM_SendMessageNoPara.c  0x00000000   Number         0  wm_sendmessagenopara.o ABSOLUTE
    ..\USER\uCGUI\WM\WM_SendToParent.c       0x00000000   Number         0  wm_sendtoparent.o ABSOLUTE
    ..\USER\uCGUI\WM\WM_SetCallback.c        0x00000000   Number         0  wm_setcallback.o ABSOLUTE
    ..\USER\uCGUI\WM\WM_SetCapture.c         0x00000000   Number         0  wm_setcapture.o ABSOLUTE
    ..\USER\uCGUI\WM\WM_SetCaptureMove.c     0x00000000   Number         0  wm_setcapturemove.o ABSOLUTE
    ..\USER\uCGUI\WM\WM_SetCreateFlags.c     0x00000000   Number         0  wm_setcreateflags.o ABSOLUTE
    ..\USER\uCGUI\WM\WM_SetDesktopColor.c    0x00000000   Number         0  wm_setdesktopcolor.o ABSOLUTE
    ..\USER\uCGUI\WM\WM_SetFocus.c           0x00000000   Number         0  wm_setfocus.o ABSOLUTE
    ..\USER\uCGUI\WM\WM_SetFocusOnNextChild.c 0x00000000   Number         0  wm_setfocusonnextchild.o ABSOLUTE
    ..\USER\uCGUI\WM\WM_SetScrollState.c     0x00000000   Number         0  wm_setscrollstate.o ABSOLUTE
    ..\USER\uCGUI\WM\WM_SetScrollbar.c       0x00000000   Number         0  wm_setscrollbar.o ABSOLUTE
    ..\USER\uCGUI\WM\WM_SetSize.c            0x00000000   Number         0  wm_setsize.o ABSOLUTE
    ..\USER\uCGUI\WM\WM_SetTrans.c           0x00000000   Number         0  wm_settrans.o ABSOLUTE
    ..\USER\uCGUI\WM\WM_SetUserClipRect.c    0x00000000   Number         0  wm_setusercliprect.o ABSOLUTE
    ..\USER\uCGUI\WM\WM_SetXSize.c           0x00000000   Number         0  wm_setxsize.o ABSOLUTE
    ..\USER\uCGUI\WM\WM_SetYSize.c           0x00000000   Number         0  wm_setysize.o ABSOLUTE
    ..\USER\uCGUI\WM\WM_Show.c               0x00000000   Number         0  wm_show.o ABSOLUTE
    ..\USER\uCGUI\WM\WM__ForEachDesc.c       0x00000000   Number         0  wm__foreachdesc.o ABSOLUTE
    ..\USER\uCGUI\WM\WM__GetFirstSibling.c   0x00000000   Number         0  wm__getfirstsibling.o ABSOLUTE
    ..\USER\uCGUI\WM\WM__GetFocussedChild.c  0x00000000   Number         0  wm__getfocussedchild.o ABSOLUTE
    ..\USER\uCGUI\WM\WM__GetOrg_AA.c         0x00000000   Number         0  wm__getorg_aa.o ABSOLUTE
    ..\USER\uCGUI\WM\WM__GetPrevSibling.c    0x00000000   Number         0  wm__getprevsibling.o ABSOLUTE
    ..\USER\uCGUI\WM\WM__IsAncestor.c        0x00000000   Number         0  wm__isancestor.o ABSOLUTE
    ..\USER\uCGUI\WM\WM__IsChild.c           0x00000000   Number         0  wm__ischild.o ABSOLUTE
    ..\USER\uCGUI\WM\WM__IsEnabled.c         0x00000000   Number         0  wm__isenabled.o ABSOLUTE
    ..\USER\uCGUI\WM\WM__SendMessage.c       0x00000000   Number         0  wm__sendmessage.o ABSOLUTE
    ..\USER\uCGUI\WM\WM__SendMessageIfEnabled.c 0x00000000   Number         0  wm__sendmessageifenabled.o ABSOLUTE
    ..\USER\uCGUI\WM\WM__SendMessageNoPara.c 0x00000000   Number         0  wm__sendmessagenopara.o ABSOLUTE
    ..\USER\uCGUI\WM\WM__UpdateChildPositions.c 0x00000000   Number         0  wm__updatechildpositions.o ABSOLUTE
    ..\USER\uCGUI\Widget\BUTTON.c            0x00000000   Number         0  button.o ABSOLUTE
    ..\USER\uCGUI\Widget\BUTTON_Create.c     0x00000000   Number         0  button_create.o ABSOLUTE
    ..\USER\uCGUI\Widget\BUTTON_CreateIndirect.c 0x00000000   Number         0  button_createindirect.o ABSOLUTE
    ..\USER\uCGUI\Widget\BUTTON_SelfDraw.c   0x00000000   Number         0  button_selfdraw.o ABSOLUTE
    ..\USER\uCGUI\Widget\BUTTON__SetBitmapObj.c 0x00000000   Number         0  button__setbitmapobj.o ABSOLUTE
    ..\USER\uCGUI\Widget\DIALOG.c            0x00000000   Number         0  dialog.o ABSOLUTE
    ..\USER\uCGUI\Widget\EDIT.c              0x00000000   Number         0  edit.o ABSOLUTE
    ..\USER\uCGUI\Widget\EDITBin.c           0x00000000   Number         0  editbin.o ABSOLUTE
    ..\USER\uCGUI\Widget\EDITHex.c           0x00000000   Number         0  edithex.o ABSOLUTE
    ..\USER\uCGUI\Widget\EDIT_Create.c       0x00000000   Number         0  edit_create.o ABSOLUTE
    ..\USER\uCGUI\Widget\EDIT_CreateIndirect.c 0x00000000   Number         0  edit_createindirect.o ABSOLUTE
    ..\USER\uCGUI\Widget\FRAMEWIN.c          0x00000000   Number         0  framewin.o ABSOLUTE
    ..\USER\uCGUI\Widget\FRAMEWIN_Button.c   0x00000000   Number         0  framewin_button.o ABSOLUTE
    ..\USER\uCGUI\Widget\FRAMEWIN_ButtonMax.c 0x00000000   Number         0  framewin_buttonmax.o ABSOLUTE
    ..\USER\uCGUI\Widget\FRAMEWIN_ButtonMin.c 0x00000000   Number         0  framewin_buttonmin.o ABSOLUTE
    ..\USER\uCGUI\Widget\FRAMEWIN_Create.c   0x00000000   Number         0  framewin_create.o ABSOLUTE
    ..\USER\uCGUI\Widget\FRAMEWIN_CreateIndirect.c 0x00000000   Number         0  framewin_createindirect.o ABSOLUTE
    ..\USER\uCGUI\Widget\FRAMEWIN_Default.c  0x00000000   Number         0  framewin_default.o ABSOLUTE
    ..\USER\uCGUI\Widget\FRAMEWIN_Get.c      0x00000000   Number         0  framewin_get.o ABSOLUTE
    ..\USER\uCGUI\Widget\FRAMEWIN_MinMaxRest.c 0x00000000   Number         0  framewin_minmaxrest.o ABSOLUTE
    ..\USER\uCGUI\Widget\FRAMEWIN_SetColors.c 0x00000000   Number         0  framewin_setcolors.o ABSOLUTE
    ..\USER\uCGUI\Widget\FRAMEWIN_SetFont.c  0x00000000   Number         0  framewin_setfont.o ABSOLUTE
    ..\USER\uCGUI\Widget\FRAMEWIN__UpdateButtons.c 0x00000000   Number         0  framewin__updatebuttons.o ABSOLUTE
    ..\USER\uCGUI\Widget\GUI_ARRAY.c         0x00000000   Number         0  gui_array.o ABSOLUTE
    ..\USER\uCGUI\Widget\GUI_DRAW.c          0x00000000   Number         0  gui_draw.o ABSOLUTE
    ..\USER\uCGUI\Widget\GUI_DRAW_Self.c     0x00000000   Number         0  gui_draw_self.o ABSOLUTE
    ..\USER\uCGUI\Widget\LISTBOX.c           0x00000000   Number         0  listbox.o ABSOLUTE
    ..\USER\uCGUI\Widget\LISTBOX_Create.c    0x00000000   Number         0  listbox_create.o ABSOLUTE
    ..\USER\uCGUI\Widget\LISTBOX_CreateIndirect.c 0x00000000   Number         0  listbox_createindirect.o ABSOLUTE
    ..\USER\uCGUI\Widget\LISTBOX_Font.c      0x00000000   Number         0  listbox_font.o ABSOLUTE
    ..\USER\uCGUI\Widget\MESSAGEBOX.c        0x00000000   Number         0  messagebox.o ABSOLUTE
    ..\USER\uCGUI\Widget\PROGBAR.c           0x00000000   Number         0  progbar.o ABSOLUTE
    ..\USER\uCGUI\Widget\PROGBAR_Create.c    0x00000000   Number         0  progbar_create.o ABSOLUTE
    ..\USER\uCGUI\Widget\SCROLLBAR.c         0x00000000   Number         0  scrollbar.o ABSOLUTE
    ..\USER\uCGUI\Widget\SCROLLBAR_Create.c  0x00000000   Number         0  scrollbar_create.o ABSOLUTE
    ..\USER\uCGUI\Widget\SCROLLBAR_Defaults.c 0x00000000   Number         0  scrollbar_defaults.o ABSOLUTE
    ..\USER\uCGUI\Widget\SCROLLBAR_SetWidth.c 0x00000000   Number         0  scrollbar_setwidth.o ABSOLUTE
    ..\USER\uCGUI\Widget\SLIDER.c            0x00000000   Number         0  slider.o ABSOLUTE
    ..\USER\uCGUI\Widget\SLIDER_CreateIndirect.c 0x00000000   Number         0  slider_createindirect.o ABSOLUTE
    ..\USER\uCGUI\Widget\TEXT.c              0x00000000   Number         0  text.o ABSOLUTE
    ..\USER\uCGUI\Widget\TEXT_CreateIndirect.c 0x00000000   Number         0  text_createindirect.o ABSOLUTE
    ..\USER\uCGUI\Widget\WIDGET.c            0x00000000   Number         0  widget.o ABSOLUTE
    ..\USER\uCGUI\Widget\WIDGET_Effect_3D.c  0x00000000   Number         0  widget_effect_3d.o ABSOLUTE
    ..\USER\uCGUI\Widget\WIDGET_Effect_None.c 0x00000000   Number         0  widget_effect_none.o ABSOLUTE
    ..\USER\uCGUI\Widget\WIDGET_FillStringInRect.c 0x00000000   Number         0  widget_fillstringinrect.o ABSOLUTE
    ..\USER\uCGUI\Widget\WIDGET_SetEffect.c  0x00000000   Number         0  widget_seteffect.o ABSOLUTE
    ..\USER\uCGUI\Widget\WIDGET_SetWidth.c   0x00000000   Number         0  widget_setwidth.o ABSOLUTE
    ..\USER\uCGUI\uCGUIDemo\GUIDEMO.c        0x00000000   Number         0  guidemo.o ABSOLUTE
    ..\USER\uCGUI\uCGUIDemo\GUIDEMO_Automotive.c 0x00000000   Number         0  guidemo_automotive.o ABSOLUTE
    ..\USER\uCGUI\uCGUIDemo\GUIDEMO_Bitmap.c 0x00000000   Number         0  guidemo_bitmap.o ABSOLUTE
    ..\USER\uCGUI\uCGUIDemo\GUIDEMO_Bitmap4bpp.c 0x00000000   Number         0  guidemo_bitmap4bpp.o ABSOLUTE
    ..\USER\uCGUI\uCGUIDemo\GUIDEMO_Circle.c 0x00000000   Number         0  guidemo_circle.o ABSOLUTE
    ..\USER\uCGUI\uCGUIDemo\GUIDEMO_ColorBar.c 0x00000000   Number         0  guidemo_colorbar.o ABSOLUTE
    ..\USER\uCGUI\uCGUIDemo\GUIDEMO_ColorList.c 0x00000000   Number         0  guidemo_colorlist.o ABSOLUTE
    ..\USER\uCGUI\uCGUIDemo\GUIDEMO_Cursor.c 0x00000000   Number         0  guidemo_cursor.o ABSOLUTE
    ..\USER\uCGUI\uCGUIDemo\GUIDEMO_Dialog.c 0x00000000   Number         0  guidemo_dialog.o ABSOLUTE
    ..\USER\uCGUI\uCGUIDemo\GUIDEMO_Font.c   0x00000000   Number         0  guidemo_font.o ABSOLUTE
    ..\USER\uCGUI\uCGUIDemo\GUIDEMO_FrameWin.c 0x00000000   Number         0  guidemo_framewin.o ABSOLUTE
    ..\USER\uCGUI\uCGUIDemo\GUIDEMO_Graph.c  0x00000000   Number         0  guidemo_graph.o ABSOLUTE
    ..\USER\uCGUI\uCGUIDemo\GUIDEMO_HardwareInfo.c 0x00000000   Number         0  guidemo_hardwareinfo.o ABSOLUTE
    ..\USER\uCGUI\uCGUIDemo\GUIDEMO_Intro.c  0x00000000   Number         0  guidemo_intro.o ABSOLUTE
    ..\USER\uCGUI\uCGUIDemo\GUIDEMO_LUT.c    0x00000000   Number         0  guidemo_lut.o ABSOLUTE
    ..\USER\uCGUI\uCGUIDemo\GUIDEMO_MemDevB.c 0x00000000   Number         0  guidemo_memdevb.o ABSOLUTE
    ..\USER\uCGUI\uCGUIDemo\GUIDEMO_Messagebox.c 0x00000000   Number         0  guidemo_messagebox.o ABSOLUTE
    ..\USER\uCGUI\uCGUIDemo\GUIDEMO_Navi.c   0x00000000   Number         0  guidemo_navi.o ABSOLUTE
    ..\USER\uCGUI\uCGUIDemo\GUIDEMO_Polygon.c 0x00000000   Number         0  guidemo_polygon.o ABSOLUTE
    ..\USER\uCGUI\uCGUIDemo\GUIDEMO_ProgBar.c 0x00000000   Number         0  guidemo_progbar.o ABSOLUTE
    ..\USER\uCGUI\uCGUIDemo\GUIDEMO_Speed.c  0x00000000   Number         0  guidemo_speed.o ABSOLUTE
    ..\USER\uCGUI\uCGUIDemo\GUIDEMO_Touch.c  0x00000000   Number         0  guidemo_touch.o ABSOLUTE
    ..\USER\uCGUI\uCGUIDemo\GUIDEMO_WM.c     0x00000000   Number         0  guidemo_wm.o ABSOLUTE
    ..\USER\uCGUI\uCGUIDemo\MainTask.c       0x00000000   Number         0  maintask.o ABSOLUTE
    ..\USER\uCGUI\uCGUIDemo\MicriumLogo.c    0x00000000   Number         0  micriumlogo.o ABSOLUTE
    ..\USER\uCGUI\uCGUIDemo\MicriumLogoWRed.c 0x00000000   Number         0  micriumlogowred.o ABSOLUTE
    ..\USER\uCOS-II\Ports\ARM-Cortex-M3\RealView\os_cpu_a.asm 0x00000000   Number         0  os_cpu_a.o ABSOLUTE
    ..\USER\uCOS-II\Ports\ARM-Cortex-M3\RealView\os_cpu_c.c 0x00000000   Number         0  os_cpu_c.o ABSOLUTE
    ..\USER\uCOS-II\Ports\ARM-Cortex-M3\RealView\os_dbg.c 0x00000000   Number         0  os_dbg.o ABSOLUTE
    ..\USER\uCOS-II\Source\os_core.c         0x00000000   Number         0  os_core.o ABSOLUTE
    ..\USER\uCOS-II\Source\os_flag.c         0x00000000   Number         0  os_flag.o ABSOLUTE
    ..\USER\uCOS-II\Source\os_mbox.c         0x00000000   Number         0  os_mbox.o ABSOLUTE
    ..\USER\uCOS-II\Source\os_mem.c          0x00000000   Number         0  os_mem.o ABSOLUTE
    ..\USER\uCOS-II\Source\os_mutex.c        0x00000000   Number         0  os_mutex.o ABSOLUTE
    ..\USER\uCOS-II\Source\os_q.c            0x00000000   Number         0  os_q.o ABSOLUTE
    ..\USER\uCOS-II\Source\os_sem.c          0x00000000   Number         0  os_sem.o ABSOLUTE
    ..\USER\uCOS-II\Source\os_task.c         0x00000000   Number         0  os_task.o ABSOLUTE
    ..\USER\uCOS-II\Source\os_time.c         0x00000000   Number         0  os_time.o ABSOLUTE
    ..\USER\uCOS-II\Source\os_tmr.c          0x00000000   Number         0  os_tmr.o ABSOLUTE
    ..\USER\ucCos_App\OS_AppHooks.c          0x00000000   Number         0  os_apphooks.o ABSOLUTE
    ..\USER\ucCos_App\uctsk_Task.c           0x00000000   Number         0  uctsk_task.o ABSOLUTE
    ..\\Libraries\\CM3\\DeviceSupport\\NXP\\LPC17xx\\system_LPC17xx.c 0x00000000   Number         0  system_lpc17xx.o ABSOLUTE
    ..\\Libraries\\LCP1768_StdPeriph_Driver\\source\\debug_frmwrk.c 0x00000000   Number         0  debug_frmwrk.o ABSOLUTE
    ..\\Libraries\\LCP1768_StdPeriph_Driver\\source\\lpc17xx_adc.c 0x00000000   Number         0  lpc17xx_adc.o ABSOLUTE
    ..\\Libraries\\LCP1768_StdPeriph_Driver\\source\\lpc17xx_can.c 0x00000000   Number         0  lpc17xx_can.o ABSOLUTE
    ..\\Libraries\\LCP1768_StdPeriph_Driver\\source\\lpc17xx_clkpwr.c 0x00000000   Number         0  lpc17xx_clkpwr.o ABSOLUTE
    ..\\Libraries\\LCP1768_StdPeriph_Driver\\source\\lpc17xx_dac.c 0x00000000   Number         0  lpc17xx_dac.o ABSOLUTE
    ..\\Libraries\\LCP1768_StdPeriph_Driver\\source\\lpc17xx_emac.c 0x00000000   Number         0  lpc17xx_emac.o ABSOLUTE
    ..\\Libraries\\LCP1768_StdPeriph_Driver\\source\\lpc17xx_exti.c 0x00000000   Number         0  lpc17xx_exti.o ABSOLUTE
    ..\\Libraries\\LCP1768_StdPeriph_Driver\\source\\lpc17xx_gpdma.c 0x00000000   Number         0  lpc17xx_gpdma.o ABSOLUTE
    ..\\Libraries\\LCP1768_StdPeriph_Driver\\source\\lpc17xx_gpio.c 0x00000000   Number         0  lpc17xx_gpio.o ABSOLUTE
    ..\\Libraries\\LCP1768_StdPeriph_Driver\\source\\lpc17xx_i2c.c 0x00000000   Number         0  lpc17xx_i2c.o ABSOLUTE
    ..\\Libraries\\LCP1768_StdPeriph_Driver\\source\\lpc17xx_i2s.c 0x00000000   Number         0  lpc17xx_i2s.o ABSOLUTE
    ..\\Libraries\\LCP1768_StdPeriph_Driver\\source\\lpc17xx_mcpwm.c 0x00000000   Number         0  lpc17xx_mcpwm.o ABSOLUTE
    ..\\Libraries\\LCP1768_StdPeriph_Driver\\source\\lpc17xx_nvic.c 0x00000000   Number         0  lpc17xx_nvic.o ABSOLUTE
    ..\\Libraries\\LCP1768_StdPeriph_Driver\\source\\lpc17xx_pinsel.c 0x00000000   Number         0  lpc17xx_pinsel.o ABSOLUTE
    ..\\Libraries\\LCP1768_StdPeriph_Driver\\source\\lpc17xx_pwm.c 0x00000000   Number         0  lpc17xx_pwm.o ABSOLUTE
    ..\\Libraries\\LCP1768_StdPeriph_Driver\\source\\lpc17xx_qei.c 0x00000000   Number         0  lpc17xx_qei.o ABSOLUTE
    ..\\Libraries\\LCP1768_StdPeriph_Driver\\source\\lpc17xx_rit.c 0x00000000   Number         0  lpc17xx_rit.o ABSOLUTE
    ..\\Libraries\\LCP1768_StdPeriph_Driver\\source\\lpc17xx_rtc.c 0x00000000   Number         0  lpc17xx_rtc.o ABSOLUTE
    ..\\Libraries\\LCP1768_StdPeriph_Driver\\source\\lpc17xx_spi.c 0x00000000   Number         0  lpc17xx_spi.o ABSOLUTE
    ..\\Libraries\\LCP1768_StdPeriph_Driver\\source\\lpc17xx_ssp.c 0x00000000   Number         0  lpc17xx_ssp.o ABSOLUTE
    ..\\Libraries\\LCP1768_StdPeriph_Driver\\source\\lpc17xx_systick.c 0x00000000   Number         0  lpc17xx_systick.o ABSOLUTE
    ..\\Libraries\\LCP1768_StdPeriph_Driver\\source\\lpc17xx_timer.c 0x00000000   Number         0  lpc17xx_timer.o ABSOLUTE
    ..\\Libraries\\LCP1768_StdPeriph_Driver\\source\\lpc17xx_uart.c 0x00000000   Number         0  lpc17xx_uart.o ABSOLUTE
    ..\\Libraries\\LCP1768_StdPeriph_Driver\\source\\lpc17xx_wdt.c 0x00000000   Number         0  lpc17xx_wdt.o ABSOLUTE
    ..\\USER\\GLCD\\GLCD.c                   0x00000000   Number         0  glcd.o ABSOLUTE
    ..\\USER\\GLCD\\GLCD_UCGUI.c             0x00000000   Number         0  glcd_ucgui.o ABSOLUTE
    ..\\USER\\RIT\\rit_test.c                0x00000000   Number         0  rit_test.o ABSOLUTE
    ..\\USER\\TouchPanel\\TouchPanel.c       0x00000000   Number         0  touchpanel.o ABSOLUTE
    ..\\USER\\main.c                         0x00000000   Number         0  main.o ABSOLUTE
    ..\\USER\\uCGUI\\GUI_X_Touch.c           0x00000000   Number         0  gui_x_touch.o ABSOLUTE
    ..\\USER\\uCGUI\\GUI_X_uCOS.c            0x00000000   Number         0  gui_x_ucos.o ABSOLUTE
    ..\\USER\\ucCos_App\\OS_AppHooks.c       0x00000000   Number         0  os_apphooks.o ABSOLUTE
    ..\\USER\\ucCos_App\\uctsk_Task.c        0x00000000   Number         0  uctsk_task.o ABSOLUTE
    cdcmple.s                                0x00000000   Number         0  cdcmple.o ABSOLUTE
    cdrcmple.s                               0x00000000   Number         0  cdrcmple.o ABSOLUTE
    cfcmple.s                                0x00000000   Number         0  cfcmple.o ABSOLUTE
    cfrcmple.s                               0x00000000   Number         0  cfrcmple.o ABSOLUTE
    dc.s                                     0x00000000   Number         0  dc.o ABSOLUTE
    handlers.s                               0x00000000   Number         0  handlers.o ABSOLUTE
    init.s                                   0x00000000   Number         0  init.o ABSOLUTE
    .ARM.Collect$$$$00000000                 0x000000cc   Section        0  entry.o(.ARM.Collect$$$$00000000)
    .ARM.Collect$$$$00000001                 0x000000cc   Section        4  entry2.o(.ARM.Collect$$$$00000001)
    .ARM.Collect$$$$00000004                 0x000000d0   Section        4  entry5.o(.ARM.Collect$$$$00000004)
    .ARM.Collect$$$$00000008                 0x000000d4   Section        0  entry7b.o(.ARM.Collect$$$$00000008)
    .ARM.Collect$$$$00000009                 0x000000d4   Section        8  entry8.o(.ARM.Collect$$$$00000009)
    .ARM.Collect$$$$00002712                 0x000000dc   Section        4  entry2.o(.ARM.Collect$$$$00002712)
    __lit__00000000                          0x000000dc   Data           4  entry2.o(.ARM.Collect$$$$00002712)
    .text                                    0x000000e0   Section       36  startup_lpc17xx.o(.text)
    .text                                    0x00000104   Section       36  init.o(.text)
    OSKernelschedular                        0x00000128   Section      160  os_cpu_a.o(OSKernelschedular)
    i.App_TCBInitHook                        0x000001c8   Section        0  os_apphooks.o(i.App_TCBInitHook)
    i.App_TaskCreate                         0x000001ca   Section        0  main.o(i.App_TaskCreate)
    App_TaskCreate                           0x000001cb   Thumb Code    12  main.o(i.App_TaskCreate)
    i.App_TaskCreateHook                     0x000001d6   Section        0  os_apphooks.o(i.App_TaskCreateHook)
    i.App_TaskDelHook                        0x000001d8   Section        0  os_apphooks.o(i.App_TaskDelHook)
    i.App_TaskIdleHook                       0x000001da   Section        0  os_apphooks.o(i.App_TaskIdleHook)
    i.App_TaskStart                          0x000001dc   Section        0  main.o(i.App_TaskStart)
    App_TaskStart                            0x000001dd   Thumb Code    42  main.o(i.App_TaskStart)
    i.App_TaskStatHook                       0x0000020c   Section        0  os_apphooks.o(i.App_TaskStatHook)
    i.App_TimeTickHook                       0x0000020e   Section        0  os_apphooks.o(i.App_TimeTickHook)
    i.CLKPWR_ConfigPPWR                      0x00000210   Section        0  lpc17xx_clkpwr.o(i.CLKPWR_ConfigPPWR)
    i.CLKPWR_GetPCLK                         0x00000250   Section        0  lpc17xx_clkpwr.o(i.CLKPWR_GetPCLK)
    i.CLKPWR_GetPCLKSEL                      0x00000290   Section        0  lpc17xx_clkpwr.o(i.CLKPWR_GetPCLKSEL)
    i.GPIO_ClearValue                        0x000002b8   Section        0  lpc17xx_gpio.o(i.GPIO_ClearValue)
    i.GPIO_SetDir                            0x000002cc   Section        0  lpc17xx_gpio.o(i.GPIO_SetDir)
    i.OSInitHookEnd                          0x000002f4   Section        0  os_cpu_c.o(i.OSInitHookEnd)
    i.OSTaskReturnHook                       0x000002f6   Section        0  os_apphooks.o(i.OSTaskReturnHook)
    i.OS_Dummy                               0x000002f8   Section        0  os_core.o(i.OS_Dummy)
    i.__scatterload_null                     0x000002fa   Section        2  handlers.o(i.__scatterload_null)
    .ARM.__at_0x02FC                         0x000002fc   Section        4  startup_lpc17xx.o(.ARM.__at_0x02FC)
    i.CLKPWR_SetPCLKDiv                      0x00000300   Section        0  lpc17xx_clkpwr.o(i.CLKPWR_SetPCLKDiv)
    i.GPIO_GetPointer                        0x00000378   Section        0  lpc17xx_gpio.o(i.GPIO_GetPointer)
    GPIO_GetPointer                          0x00000379   Thumb Code    52  lpc17xx_gpio.o(i.GPIO_GetPointer)
    i.GPIO_SetValue                          0x000003b0   Section        0  lpc17xx_gpio.o(i.GPIO_SetValue)
    i.OSDebugInit                            0x000003c4   Section        0  os_dbg.o(i.OSDebugInit)
    i.OSEventNameSet                         0x00000520   Section        0  os_core.o(i.OSEventNameSet)
    i.OSInit                                 0x00000588   Section        0  os_core.o(i.OSInit)
    i.OSInitHookBegin                        0x000005c0   Section        0  os_cpu_c.o(i.OSInitHookBegin)
    i.OSIntExit                              0x000005cc   Section        0  os_core.o(i.OSIntExit)
    i.OSSchedLock                            0x0000065c   Section        0  os_core.o(i.OSSchedLock)
    i.OSSchedUnlock                          0x0000069c   Section        0  os_core.o(i.OSSchedUnlock)
    i.OSSemCreate                            0x000006fc   Section        0  os_sem.o(i.OSSemCreate)
    i.OSSemPend                              0x00000750   Section        0  os_sem.o(i.OSSemPend)
    i.OSSemPost                              0x00000848   Section        0  os_sem.o(i.OSSemPost)
    i.OSStart                                0x000008a8   Section        0  os_core.o(i.OSStart)
    i.OSStatInit                             0x000008f0   Section        0  os_core.o(i.OSStatInit)
    i.OSTCBInitHook                          0x0000093c   Section        0  os_cpu_c.o(i.OSTCBInitHook)
    i.OSTaskCreateExt                        0x00000948   Section        0  os_task.o(i.OSTaskCreateExt)
    i.OSTaskCreateHook                       0x00000a08   Section        0  os_cpu_c.o(i.OSTaskCreateHook)
    i.OSTaskDel                              0x00000a14   Section        0  os_task.o(i.OSTaskDel)
    i.OSTaskDelHook                          0x00000b88   Section        0  os_cpu_c.o(i.OSTaskDelHook)
    i.OSTaskIdleHook                         0x00000b94   Section        0  os_cpu_c.o(i.OSTaskIdleHook)
    i.OSTaskNameSet                          0x00000b9c   Section        0  os_task.o(i.OSTaskNameSet)
    i.OSTaskStatHook                         0x00000c20   Section        0  os_cpu_c.o(i.OSTaskStatHook)
    i.OSTaskStkChk                           0x00000c28   Section        0  os_task.o(i.OSTaskStkChk)
    i.OSTaskStkInit                          0x00000cc8   Section        0  os_cpu_c.o(i.OSTaskStkInit)
    i.OSTaskSuspend                          0x00000d64   Section        0  os_task.o(i.OSTaskSuspend)
    i.OSTimeDly                              0x00000e28   Section        0  os_time.o(i.OSTimeDly)
    i.OSTimeDlyHMSM                          0x00000ea8   Section        0  os_time.o(i.OSTimeDlyHMSM)
    i.OSTimeTick                             0x00000f2c   Section        0  os_core.o(i.OSTimeTick)
    i.OSTimeTickHook                         0x00001020   Section        0  os_cpu_c.o(i.OSTimeTickHook)
    i.OSTmrSignal                            0x00001048   Section        0  os_tmr.o(i.OSTmrSignal)
    i.OSTmr_Init                             0x0000105c   Section        0  os_tmr.o(i.OSTmr_Init)
    i.OSTmr_InitTask                         0x00001150   Section        0  os_tmr.o(i.OSTmr_InitTask)
    OSTmr_InitTask                           0x00001151   Thumb Code    52  os_tmr.o(i.OSTmr_InitTask)
    i.OSTmr_Link                             0x0000119c   Section        0  os_tmr.o(i.OSTmr_Link)
    OSTmr_Link                               0x0000119d   Thumb Code   100  os_tmr.o(i.OSTmr_Link)
    i.OSTmr_Task                             0x00001208   Section        0  os_tmr.o(i.OSTmr_Task)
    OSTmr_Task                               0x00001209   Thumb Code   114  os_tmr.o(i.OSTmr_Task)
    i.OSTmr_Unlink                           0x00001288   Section        0  os_tmr.o(i.OSTmr_Unlink)
    OSTmr_Unlink                             0x00001289   Thumb Code    62  os_tmr.o(i.OSTmr_Unlink)
    i.OS_CPU_SysTickInit                     0x000012cc   Section        0  os_cpu_c.o(i.OS_CPU_SysTickInit)
    i.OS_EventTaskRdy                        0x000012fc   Section        0  os_core.o(i.OS_EventTaskRdy)
    i.OS_EventTaskRemove                     0x00001398   Section        0  os_core.o(i.OS_EventTaskRemove)
    i.OS_EventTaskRemoveMulti                0x000013ca   Section        0  os_core.o(i.OS_EventTaskRemoveMulti)
    i.OS_EventTaskWait                       0x0000141c   Section        0  os_core.o(i.OS_EventTaskWait)
    i.OS_EventWaitListInit                   0x000014a0   Section        0  os_core.o(i.OS_EventWaitListInit)
    i.OS_FlagInit                            0x000014bc   Section        0  os_flag.o(i.OS_FlagInit)
    i.OS_FlagUnlink                          0x00001514   Section        0  os_flag.o(i.OS_FlagUnlink)
    i.OS_InitEventList                       0x00001538   Section        0  os_core.o(i.OS_InitEventList)
    OS_InitEventList                         0x00001539   Thumb Code    84  os_core.o(i.OS_InitEventList)
    i.OS_InitMisc                            0x00001598   Section        0  os_core.o(i.OS_InitMisc)
    OS_InitMisc                              0x00001599   Thumb Code    44  os_core.o(i.OS_InitMisc)
    i.OS_InitRdyList                         0x000015ec   Section        0  os_core.o(i.OS_InitRdyList)
    OS_InitRdyList                           0x000015ed   Thumb Code    44  os_core.o(i.OS_InitRdyList)
    i.OS_InitTCBList                         0x00001630   Section        0  os_core.o(i.OS_InitTCBList)
    OS_InitTCBList                           0x00001631   Thumb Code   106  os_core.o(i.OS_InitTCBList)
    i.OS_InitTaskIdle                        0x000016b0   Section        0  os_core.o(i.OS_InitTaskIdle)
    OS_InitTaskIdle                          0x000016b1   Thumb Code    52  os_core.o(i.OS_InitTaskIdle)
    i.OS_InitTaskStat                        0x000016fc   Section        0  os_core.o(i.OS_InitTaskStat)
    OS_InitTaskStat                          0x000016fd   Thumb Code    52  os_core.o(i.OS_InitTaskStat)
    i.OS_MemClr                              0x00001748   Section        0  os_core.o(i.OS_MemClr)
    i.OS_MemInit                             0x0000175c   Section        0  os_mem.o(i.OS_MemInit)
    i.OS_QInit                               0x000017b4   Section        0  os_q.o(i.OS_QInit)
    i.OS_Sched                               0x00001804   Section        0  os_core.o(i.OS_Sched)
    i.OS_SchedNew                            0x00001878   Section        0  os_core.o(i.OS_SchedNew)
    OS_SchedNew                              0x00001879   Thumb Code    26  os_core.o(i.OS_SchedNew)
    i.OS_TCBInit                             0x000018a4   Section        0  os_core.o(i.OS_TCBInit)
    i.OS_TaskIdle                            0x000019e8   Section        0  os_core.o(i.OS_TaskIdle)
    i.OS_TaskReturn                          0x00001a10   Section        0  os_task.o(i.OS_TaskReturn)
    i.OS_TaskStat                            0x00001a28   Section        0  os_core.o(i.OS_TaskStat)
    i.OS_TaskStatStkChk                      0x00001ab0   Section        0  os_core.o(i.OS_TaskStatStkChk)
    i.OS_TaskStkClr                          0x00001aec   Section        0  os_task.o(i.OS_TaskStkClr)
    i.PINSEL_ConfigPin                       0x00001b06   Section        0  lpc17xx_pinsel.o(i.PINSEL_ConfigPin)
    i.Pluse_CleanOutput                      0x00001b2a   Section        0  rit_test.o(i.Pluse_CleanOutput)
    i.Pluse_Init                             0x00001b38   Section        0  rit_test.o(i.Pluse_Init)
    i.Pluse_SetOutput                        0x00001bc0   Section        0  rit_test.o(i.Pluse_SetOutput)
    i.RIT_Cmd                                0x00001bd0   Section        0  lpc17xx_rit.o(i.RIT_Cmd)
    i.RIT_GetIntStatus                       0x00001c50   Section        0  lpc17xx_rit.o(i.RIT_GetIntStatus)
    i.RIT_IRQHandler                         0x00001cc4   Section        0  rit_test.o(i.RIT_IRQHandler)
    i.RIT_Init                               0x00001d54   Section        0  lpc17xx_rit.o(i.RIT_Init)
    i.RIT_Test_Init                          0x00001dcc   Section        0  rit_test.o(i.RIT_Test_Init)
    i.RIT_TimerConfig                        0x00001e70   Section        0  lpc17xx_rit.o(i.RIT_TimerConfig)
    i.SysTick_Handler                        0x00001eec   Section        0  os_cpu_c.o(i.SysTick_Handler)
    i.SystemInit                             0x00001f14   Section        0  system_lpc17xx.o(i.SystemInit)
    i.__scatterload_copy                     0x00002074   Section       14  handlers.o(i.__scatterload_copy)
    i.__scatterload_zeroinit                 0x00002082   Section       14  handlers.o(i.__scatterload_zeroinit)
    i.check_failed                           0x00002090   Section        0  lpc17xx_libcfg_default.o(i.check_failed)
    i.main                                   0x00002094   Section        0  main.o(i.main)
    i.set_OpenDrainMode                      0x000020f0   Section        0  lpc17xx_pinsel.o(i.set_OpenDrainMode)
    set_OpenDrainMode                        0x000020f1   Thumb Code    42  lpc17xx_pinsel.o(i.set_OpenDrainMode)
    i.set_PinFunc                            0x00002120   Section        0  lpc17xx_pinsel.o(i.set_PinFunc)
    set_PinFunc                              0x00002121   Thumb Code    60  lpc17xx_pinsel.o(i.set_PinFunc)
    i.set_ResistorMode                       0x00002160   Section        0  lpc17xx_pinsel.o(i.set_ResistorMode)
    set_ResistorMode                         0x00002161   Thumb Code    60  lpc17xx_pinsel.o(i.set_ResistorMode)
    .constdata                               0x000021a0   Section      116  os_dbg.o(.constdata)
    .constdata                               0x00002214   Section      256  os_core.o(.constdata)
    .data                                    0x10000000   Section        4  system_lpc17xx.o(.data)
    .data                                    0x10000004   Section        2  os_cpu_c.o(.data)
    OSTmrCtr                                 0x10000004   Data           2  os_cpu_c.o(.data)
    .data                                    0x10000008   Section       96  os_core.o(.data)
    .data                                    0x10000068   Section        9  rit_test.o(.data)
    .bss                                     0x10000074   Section      256  main.o(.bss)
    App_TaskStartStk                         0x10000074   Data         256  main.o(.bss)
    .bss                                     0x10000174   Section     4312  os_core.o(.bss)
    STACK                                    0x10001250   Section      512  startup_lpc17xx.o(STACK)

    Global Symbols

    Symbol Name                              Value     Ov Type        Size  Object(Section)

    BuildAttributes$$THM_ISAv4$P$D$K$B$S$PE$A:L22UL41UL21$X:L11$S22US41US21$IEEE1$IW$USESV6$~STKCKD$USESV7$~SHL$OTIME$ROPI$IEEEX$EBA8$MICROLIB$REQ8$PRES8$EABIv2 0x00000000   Number         0  anon$$obj.o ABSOLUTE
    __ARM_use_no_argv                        0x00000000   Number         0  main.o ABSOLUTE
    __Vectors                                0x00000000   Data           4  startup_lpc17xx.o(RESET)
    __decompress                              - Undefined Weak Reference
    _clock_init                               - Undefined Weak Reference
    __main                                   0x000000cd   Thumb Code     0  entry.o(.ARM.Collect$$$$00000000)
    _main_stk                                0x000000cd   Thumb Code     0  entry2.o(.ARM.Collect$$$$00000001)
    _main_scatterload                        0x000000d1   Thumb Code     0  entry5.o(.ARM.Collect$$$$00000004)
    __main_after_scatterload                 0x000000d5   Thumb Code     0  entry5.o(.ARM.Collect$$$$00000004)
    _main_clock                              0x000000d5   Thumb Code     0  entry7b.o(.ARM.Collect$$$$00000008)
    _main_init                               0x000000d5   Thumb Code     0  entry8.o(.ARM.Collect$$$$00000009)
    Reset_Handler                            0x000000e1   Thumb Code     8  startup_lpc17xx.o(.text)
    NMI_Handler                              0x000000e9   Thumb Code     2  startup_lpc17xx.o(.text)
    HardFault_Handler                        0x000000eb   Thumb Code     2  startup_lpc17xx.o(.text)
    MemManage_Handler                        0x000000ed   Thumb Code     2  startup_lpc17xx.o(.text)
    BusFault_Handler                         0x000000ef   Thumb Code     2  startup_lpc17xx.o(.text)
    UsageFault_Handler                       0x000000f1   Thumb Code     2  startup_lpc17xx.o(.text)
    SVC_Handler                              0x000000f3   Thumb Code     2  startup_lpc17xx.o(.text)
    DebugMon_Handler                         0x000000f5   Thumb Code     2  startup_lpc17xx.o(.text)
    ADC_IRQHandler                           0x000000fb   Thumb Code     0  startup_lpc17xx.o(.text)
    BOD_IRQHandler                           0x000000fb   Thumb Code     0  startup_lpc17xx.o(.text)
    CANActivity_IRQHandler                   0x000000fb   Thumb Code     0  startup_lpc17xx.o(.text)
    CAN_IRQHandler                           0x000000fb   Thumb Code     0  startup_lpc17xx.o(.text)
    DMA_IRQHandler                           0x000000fb   Thumb Code     0  startup_lpc17xx.o(.text)
    EINT0_IRQHandler                         0x000000fb   Thumb Code     0  startup_lpc17xx.o(.text)
    EINT1_IRQHandler                         0x000000fb   Thumb Code     0  startup_lpc17xx.o(.text)
    EINT2_IRQHandler                         0x000000fb   Thumb Code     0  startup_lpc17xx.o(.text)
    EINT3_IRQHandler                         0x000000fb   Thumb Code     0  startup_lpc17xx.o(.text)
    ENET_IRQHandler                          0x000000fb   Thumb Code     0  startup_lpc17xx.o(.text)
    I2C0_IRQHandler                          0x000000fb   Thumb Code     0  startup_lpc17xx.o(.text)
    I2C1_IRQHandler                          0x000000fb   Thumb Code     0  startup_lpc17xx.o(.text)
    I2C2_IRQHandler                          0x000000fb   Thumb Code     0  startup_lpc17xx.o(.text)
    I2S_IRQHandler                           0x000000fb   Thumb Code     0  startup_lpc17xx.o(.text)
    MCPWM_IRQHandler                         0x000000fb   Thumb Code     0  startup_lpc17xx.o(.text)
    PLL0_IRQHandler                          0x000000fb   Thumb Code     0  startup_lpc17xx.o(.text)
    PLL1_IRQHandler                          0x000000fb   Thumb Code     0  startup_lpc17xx.o(.text)
    PWM1_IRQHandler                          0x000000fb   Thumb Code     0  startup_lpc17xx.o(.text)
    QEI_IRQHandler                           0x000000fb   Thumb Code     0  startup_lpc17xx.o(.text)
    RTC_IRQHandler                           0x000000fb   Thumb Code     0  startup_lpc17xx.o(.text)
    SPI_IRQHandler                           0x000000fb   Thumb Code     0  startup_lpc17xx.o(.text)
    SSP0_IRQHandler                          0x000000fb   Thumb Code     0  startup_lpc17xx.o(.text)
    SSP1_IRQHandler                          0x000000fb   Thumb Code     0  startup_lpc17xx.o(.text)
    TIMER0_IRQHandler                        0x000000fb   Thumb Code     0  startup_lpc17xx.o(.text)
    TIMER1_IRQHandler                        0x000000fb   Thumb Code     0  startup_lpc17xx.o(.text)
    TIMER2_IRQHandler                        0x000000fb   Thumb Code     0  startup_lpc17xx.o(.text)
    TIMER3_IRQHandler                        0x000000fb   Thumb Code     0  startup_lpc17xx.o(.text)
    UART0_IRQHandler                         0x000000fb   Thumb Code     0  startup_lpc17xx.o(.text)
    UART1_IRQHandler                         0x000000fb   Thumb Code     0  startup_lpc17xx.o(.text)
    UART2_IRQHandler                         0x000000fb   Thumb Code     0  startup_lpc17xx.o(.text)
    UART3_IRQHandler                         0x000000fb   Thumb Code     0  startup_lpc17xx.o(.text)
    USBActivity_IRQHandler                   0x000000fb   Thumb Code     0  startup_lpc17xx.o(.text)
    USB_IRQHandler                           0x000000fb   Thumb Code     0  startup_lpc17xx.o(.text)
    WDT_IRQHandler                           0x000000fb   Thumb Code     0  startup_lpc17xx.o(.text)
    __scatterload                            0x00000105   Thumb Code    28  init.o(.text)
    __scatterload_rt2                        0x00000105   Thumb Code     0  init.o(.text)
    OS_CPU_SR_Save                           0x00000129   Thumb Code     0  os_cpu_a.o(OSKernelschedular)
    OS_CPU_SR_Restore                        0x00000131   Thumb Code     0  os_cpu_a.o(OSKernelschedular)
    OSStartHighRdy                           0x00000137   Thumb Code     0  os_cpu_a.o(OSKernelschedular)
    OSCtxSw                                  0x00000157   Thumb Code     0  os_cpu_a.o(OSKernelschedular)
    OSIntCtxSw                               0x00000161   Thumb Code     0  os_cpu_a.o(OSKernelschedular)
    PendSV_Handler                           0x0000016b   Thumb Code     0  os_cpu_a.o(OSKernelschedular)
    IntDisAll                                0x000001a3   Thumb Code     0  os_cpu_a.o(OSKernelschedular)
    App_TCBInitHook                          0x000001c9   Thumb Code     2  os_apphooks.o(i.App_TCBInitHook)
    App_TaskCreateHook                       0x000001d7   Thumb Code     2  os_apphooks.o(i.App_TaskCreateHook)
    App_TaskDelHook                          0x000001d9   Thumb Code     2  os_apphooks.o(i.App_TaskDelHook)
    App_TaskIdleHook                         0x000001db   Thumb Code     2  os_apphooks.o(i.App_TaskIdleHook)
    App_TaskStatHook                         0x0000020d   Thumb Code     2  os_apphooks.o(i.App_TaskStatHook)
    App_TimeTickHook                         0x0000020f   Thumb Code     2  os_apphooks.o(i.App_TimeTickHook)
    CLKPWR_ConfigPPWR                        0x00000211   Thumb Code    50  lpc17xx_clkpwr.o(i.CLKPWR_ConfigPPWR)
    CLKPWR_GetPCLK                           0x00000251   Thumb Code    58  lpc17xx_clkpwr.o(i.CLKPWR_GetPCLK)
    CLKPWR_GetPCLKSEL                        0x00000291   Thumb Code    32  lpc17xx_clkpwr.o(i.CLKPWR_GetPCLKSEL)
    GPIO_ClearValue                          0x000002b9   Thumb Code    20  lpc17xx_gpio.o(i.GPIO_ClearValue)
    GPIO_SetDir                              0x000002cd   Thumb Code    40  lpc17xx_gpio.o(i.GPIO_SetDir)
    OSInitHookEnd                            0x000002f5   Thumb Code     2  os_cpu_c.o(i.OSInitHookEnd)
    OSTaskReturnHook                         0x000002f7   Thumb Code     2  os_apphooks.o(i.OSTaskReturnHook)
    OS_Dummy                                 0x000002f9   Thumb Code     2  os_core.o(i.OS_Dummy)
    __scatterload_null                       0x000002fb   Thumb Code     2  handlers.o(i.__scatterload_null)
    CLKPWR_SetPCLKDiv                        0x00000301   Thumb Code   106  lpc17xx_clkpwr.o(i.CLKPWR_SetPCLKDiv)
    GPIO_SetValue                            0x000003b1   Thumb Code    20  lpc17xx_gpio.o(i.GPIO_SetValue)
    OSDebugInit                              0x000003c5   Thumb Code   118  os_dbg.o(i.OSDebugInit)
    OSEventNameSet                           0x00000521   Thumb Code   100  os_core.o(i.OSEventNameSet)
    OSInit                                   0x00000589   Thumb Code    56  os_core.o(i.OSInit)
    OSInitHookBegin                          0x000005c1   Thumb Code     8  os_cpu_c.o(i.OSInitHookBegin)
    OSIntExit                                0x000005cd   Thumb Code   112  os_core.o(i.OSIntExit)
    OSSchedLock                              0x0000065d   Thumb Code    50  os_core.o(i.OSSchedLock)
    OSSchedUnlock                            0x0000069d   Thumb Code    82  os_core.o(i.OSSchedUnlock)
    OSSemCreate                              0x000006fd   Thumb Code    72  os_sem.o(i.OSSemCreate)
    OSSemPend                                0x00000751   Thumb Code   236  os_sem.o(i.OSSemPend)
    OSSemPost                                0x00000849   Thumb Code    94  os_sem.o(i.OSSemPost)
    OSStart                                  0x000008a9   Thumb Code    48  os_core.o(i.OSStart)
    OSStatInit                               0x000008f1   Thumb Code    62  os_core.o(i.OSStatInit)
    OSTCBInitHook                            0x0000093d   Thumb Code    12  os_cpu_c.o(i.OSTCBInitHook)
    OSTaskCreateExt                          0x00000949   Thumb Code   178  os_task.o(i.OSTaskCreateExt)
    OSTaskCreateHook                         0x00000a09   Thumb Code    12  os_cpu_c.o(i.OSTaskCreateHook)
    OSTaskDel                                0x00000a15   Thumb Code   326  os_task.o(i.OSTaskDel)
    OSTaskDelHook                            0x00000b89   Thumb Code    12  os_cpu_c.o(i.OSTaskDelHook)
    OSTaskIdleHook                           0x00000b95   Thumb Code     8  os_cpu_c.o(i.OSTaskIdleHook)
    OSTaskNameSet                            0x00000b9d   Thumb Code   120  os_task.o(i.OSTaskNameSet)
    OSTaskStatHook                           0x00000c21   Thumb Code     8  os_cpu_c.o(i.OSTaskStatHook)
    OSTaskStkChk                             0x00000c29   Thumb Code   150  os_task.o(i.OSTaskStkChk)
    OSTaskStkInit                            0x00000cc9   Thumb Code   152  os_cpu_c.o(i.OSTaskStkInit)
    OSTaskSuspend                            0x00000d65   Thumb Code   180  os_task.o(i.OSTaskSuspend)
    OSTimeDly                                0x00000e29   Thumb Code   108  os_time.o(i.OSTimeDly)
    OSTimeDlyHMSM                            0x00000ea9   Thumb Code   124  os_time.o(i.OSTimeDlyHMSM)
    OSTimeTick                               0x00000f2d   Thumb Code   218  os_core.o(i.OSTimeTick)
    OSTimeTickHook                           0x00001021   Thumb Code    34  os_cpu_c.o(i.OSTimeTickHook)
    OSTmrSignal                              0x00001049   Thumb Code    16  os_tmr.o(i.OSTmrSignal)
    OSTmr_Init                               0x0000105d   Thumb Code   168  os_tmr.o(i.OSTmr_Init)
    OS_CPU_SysTickInit                       0x000012cd   Thumb Code    42  os_cpu_c.o(i.OS_CPU_SysTickInit)
    OS_EventTaskRdy                          0x000012fd   Thumb Code   138  os_core.o(i.OS_EventTaskRdy)
    OS_EventTaskRemove                       0x00001399   Thumb Code    50  os_core.o(i.OS_EventTaskRemove)
    OS_EventTaskRemoveMulti                  0x000013cb   Thumb Code    80  os_core.o(i.OS_EventTaskRemoveMulti)
    OS_EventTaskWait                         0x0000141d   Thumb Code   120  os_core.o(i.OS_EventTaskWait)
    OS_EventWaitListInit                     0x000014a1   Thumb Code    28  os_core.o(i.OS_EventWaitListInit)
    OS_FlagInit                              0x000014bd   Thumb Code    74  os_flag.o(i.OS_FlagInit)
    OS_FlagUnlink                            0x00001515   Thumb Code    36  os_flag.o(i.OS_FlagUnlink)
    OS_MemClr                                0x00001749   Thumb Code    18  os_core.o(i.OS_MemClr)
    OS_MemInit                               0x0000175d   Thumb Code    74  os_mem.o(i.OS_MemInit)
    OS_QInit                                 0x000017b5   Thumb Code    72  os_q.o(i.OS_QInit)
    OS_Sched                                 0x00001805   Thumb Code    88  os_core.o(i.OS_Sched)
    OS_TCBInit                               0x000018a5   Thumb Code   294  os_core.o(i.OS_TCBInit)
    OS_TaskIdle                              0x000019e9   Thumb Code    34  os_core.o(i.OS_TaskIdle)
    OS_TaskReturn                            0x00001a11   Thumb Code    18  os_task.o(i.OS_TaskReturn)
    OS_TaskStat                              0x00001a29   Thumb Code   116  os_core.o(i.OS_TaskStat)
    OS_TaskStatStkChk                        0x00001ab1   Thumb Code    54  os_core.o(i.OS_TaskStatStkChk)
    OS_TaskStkClr                            0x00001aed   Thumb Code    26  os_task.o(i.OS_TaskStkClr)
    PINSEL_ConfigPin                         0x00001b07   Thumb Code    36  lpc17xx_pinsel.o(i.PINSEL_ConfigPin)
    Pluse_CleanOutput                        0x00001b2b   Thumb Code    14  rit_test.o(i.Pluse_CleanOutput)
    Pluse_Init                               0x00001b39   Thumb Code   136  rit_test.o(i.Pluse_Init)
    Pluse_SetOutput                          0x00001bc1   Thumb Code    14  rit_test.o(i.Pluse_SetOutput)
    RIT_Cmd                                  0x00001bd1   Thumb Code    62  lpc17xx_rit.o(i.RIT_Cmd)
    RIT_GetIntStatus                         0x00001c51   Thumb Code    50  lpc17xx_rit.o(i.RIT_GetIntStatus)
    RIT_IRQHandler                           0x00001cc5   Thumb Code   128  rit_test.o(i.RIT_IRQHandler)
    RIT_Init                                 0x00001d55   Thumb Code    56  lpc17xx_rit.o(i.RIT_Init)
    RIT_Test_Init                            0x00001dcd   Thumb Code   134  rit_test.o(i.RIT_Test_Init)
    RIT_TimerConfig                          0x00001e71   Thumb Code    56  lpc17xx_rit.o(i.RIT_TimerConfig)
    SysTick_Handler                          0x00001eed   Thumb Code    34  os_cpu_c.o(i.SysTick_Handler)
    SystemInit                               0x00001f15   Thumb Code   282  system_lpc17xx.o(i.SystemInit)
    __scatterload_copy                       0x00002075   Thumb Code    14  handlers.o(i.__scatterload_copy)
    __scatterload_zeroinit                   0x00002083   Thumb Code    14  handlers.o(i.__scatterload_zeroinit)
    check_failed                             0x00002091   Thumb Code     4  lpc17xx_libcfg_default.o(i.check_failed)
    main                                     0x00002095   Thumb Code    72  main.o(i.main)
    OSDebugEn                                0x000021a0   Data           2  os_dbg.o(.constdata)
    OSEndiannessTest                         0x000021a4   Data           4  os_dbg.o(.constdata)
    OSEventEn                                0x000021a8   Data           2  os_dbg.o(.constdata)
    OSEventMax                               0x000021aa   Data           2  os_dbg.o(.constdata)
    OSEventNameEn                            0x000021ac   Data           2  os_dbg.o(.constdata)
    OSEventSize                              0x000021ae   Data           2  os_dbg.o(.constdata)
    OSEventTblSize                           0x000021b0   Data           2  os_dbg.o(.constdata)
    OSEventMultiEn                           0x000021b2   Data           2  os_dbg.o(.constdata)
    OSFlagEn                                 0x000021b4   Data           2  os_dbg.o(.constdata)
    OSFlagGrpSize                            0x000021b6   Data           2  os_dbg.o(.constdata)
    OSFlagNodeSize                           0x000021b8   Data           2  os_dbg.o(.constdata)
    OSFlagWidth                              0x000021ba   Data           2  os_dbg.o(.constdata)
    OSFlagMax                                0x000021bc   Data           2  os_dbg.o(.constdata)
    OSFlagNameEn                             0x000021be   Data           2  os_dbg.o(.constdata)
    OSLowestPrio                             0x000021c0   Data           2  os_dbg.o(.constdata)
    OSMboxEn                                 0x000021c2   Data           2  os_dbg.o(.constdata)
    OSMemEn                                  0x000021c4   Data           2  os_dbg.o(.constdata)
    OSMemMax                                 0x000021c6   Data           2  os_dbg.o(.constdata)
    OSMemNameEn                              0x000021c8   Data           2  os_dbg.o(.constdata)
    OSMemSize                                0x000021ca   Data           2  os_dbg.o(.constdata)
    OSMemTblSize                             0x000021cc   Data           2  os_dbg.o(.constdata)
    OSMutexEn                                0x000021ce   Data           2  os_dbg.o(.constdata)
    OSPtrSize                                0x000021d0   Data           2  os_dbg.o(.constdata)
    OSQEn                                    0x000021d2   Data           2  os_dbg.o(.constdata)
    OSQMax                                   0x000021d4   Data           2  os_dbg.o(.constdata)
    OSQSize                                  0x000021d6   Data           2  os_dbg.o(.constdata)
    OSRdyTblSize                             0x000021d8   Data           2  os_dbg.o(.constdata)
    OSSemEn                                  0x000021da   Data           2  os_dbg.o(.constdata)
    OSStkWidth                               0x000021dc   Data           2  os_dbg.o(.constdata)
    OSTaskCreateEn                           0x000021de   Data           2  os_dbg.o(.constdata)
    OSTaskCreateExtEn                        0x000021e0   Data           2  os_dbg.o(.constdata)
    OSTaskDelEn                              0x000021e2   Data           2  os_dbg.o(.constdata)
    OSTaskIdleStkSize                        0x000021e4   Data           2  os_dbg.o(.constdata)
    OSTaskProfileEn                          0x000021e6   Data           2  os_dbg.o(.constdata)
    OSTaskMax                                0x000021e8   Data           2  os_dbg.o(.constdata)
    OSTaskNameEn                             0x000021ea   Data           2  os_dbg.o(.constdata)
    OSTaskStatEn                             0x000021ec   Data           2  os_dbg.o(.constdata)
    OSTaskStatStkSize                        0x000021ee   Data           2  os_dbg.o(.constdata)
    OSTaskStatStkChkEn                       0x000021f0   Data           2  os_dbg.o(.constdata)
    OSTaskSwHookEn                           0x000021f2   Data           2  os_dbg.o(.constdata)
    OSTaskRegTblSize                         0x000021f4   Data           2  os_dbg.o(.constdata)
    OSTCBPrioTblMax                          0x000021f6   Data           2  os_dbg.o(.constdata)
    OSTCBSize                                0x000021f8   Data           2  os_dbg.o(.constdata)
    OSTicksPerSec                            0x000021fa   Data           2  os_dbg.o(.constdata)
    OSTimeTickHookEn                         0x000021fc   Data           2  os_dbg.o(.constdata)
    OSVersionNbr                             0x000021fe   Data           2  os_dbg.o(.constdata)
    OSTmrEn                                  0x00002200   Data           2  os_dbg.o(.constdata)
    OSTmrCfgMax                              0x00002202   Data           2  os_dbg.o(.constdata)
    OSTmrCfgNameEn                           0x00002204   Data           2  os_dbg.o(.constdata)
    OSTmrCfgWheelSize                        0x00002206   Data           2  os_dbg.o(.constdata)
    OSTmrCfgTicksPerSec                      0x00002208   Data           2  os_dbg.o(.constdata)
    OSTmrSize                                0x0000220a   Data           2  os_dbg.o(.constdata)
    OSTmrTblSize                             0x0000220c   Data           2  os_dbg.o(.constdata)
    OSTmrWheelSize                           0x0000220e   Data           2  os_dbg.o(.constdata)
    OSTmrWheelTblSize                        0x00002210   Data           2  os_dbg.o(.constdata)
    OSDataSize                               0x00002212   Data           2  os_dbg.o(.constdata)
    OSUnMapTbl                               0x00002214   Data         256  os_core.o(.constdata)
    Region$$Table$$Base                      0x00002314   Number         0  anon$$obj.o(Region$$Table)
    Region$$Table$$Limit                     0x00002334   Number         0  anon$$obj.o(Region$$Table)
    SystemCoreClock                          0x10000000   Data           4  system_lpc17xx.o(.data)
    OSCtxSwCtr                               0x10000008   Data           4  os_core.o(.data)
    OSEventFreeList                          0x1000000c   Data           4  os_core.o(.data)
    OSFlagFreeList                           0x10000010   Data           4  os_core.o(.data)
    OSCPUUsage                               0x10000014   Data           1  os_core.o(.data)
    OSIdleCtrMax                             0x10000018   Data           4  os_core.o(.data)
    OSIdleCtrRun                             0x1000001c   Data           4  os_core.o(.data)
    OSStatRdy                                0x10000020   Data           1  os_core.o(.data)
    OSIntNesting                             0x10000021   Data           1  os_core.o(.data)
    OSLockNesting                            0x10000022   Data           1  os_core.o(.data)
    OSPrioCur                                0x10000023   Data           1  os_core.o(.data)
    OSPrioHighRdy                            0x10000024   Data           1  os_core.o(.data)
    OSRdyGrp                                 0x10000025   Data           1  os_core.o(.data)
    OSRdyTbl                                 0x10000026   Data           8  os_core.o(.data)
    OSRunning                                0x1000002e   Data           1  os_core.o(.data)
    OSTaskCtr                                0x1000002f   Data           1  os_core.o(.data)
    OSIdleCtr                                0x10000030   Data           4  os_core.o(.data)
    OSTCBCur                                 0x10000034   Data           4  os_core.o(.data)
    OSTCBFreeList                            0x10000038   Data           4  os_core.o(.data)
    OSTCBHighRdy                             0x1000003c   Data           4  os_core.o(.data)
    OSTCBList                                0x10000040   Data           4  os_core.o(.data)
    OSTickStepState                          0x10000044   Data           1  os_core.o(.data)
    OSMemFreeList                            0x10000048   Data           4  os_core.o(.data)
    OSQFreeList                              0x1000004c   Data           4  os_core.o(.data)
    OSTime                                   0x10000050   Data           4  os_core.o(.data)
    OSTmrFree                                0x10000054   Data           2  os_core.o(.data)
    OSTmrUsed                                0x10000056   Data           2  os_core.o(.data)
    OSTmrTime                                0x10000058   Data           4  os_core.o(.data)
    OSTmrSem                                 0x1000005c   Data           4  os_core.o(.data)
    OSTmrSemSignal                           0x10000060   Data           4  os_core.o(.data)
    OSTmrFreeList                            0x10000064   Data           4  os_core.o(.data)
    count                                    0x10000068   Data           4  rit_test.o(.data)
    test_count                               0x1000006c   Data           4  rit_test.o(.data)
    flag                                     0x10000070   Data           1  rit_test.o(.data)
    OSEventTbl                               0x10000174   Data         480  os_core.o(.bss)
    OSFlagTbl                                0x10000354   Data          80  os_core.o(.bss)
    OSTaskStatStk                            0x100003a4   Data         256  os_core.o(.bss)
    OSTaskIdleStk                            0x100004a4   Data         128  os_core.o(.bss)
    OSTCBPrioTbl                             0x10000524   Data         256  os_core.o(.bss)
    OSTCBTbl                                 0x10000624   Data        1936  os_core.o(.bss)
    OSMemTbl                                 0x10000db4   Data         120  os_core.o(.bss)
    OSQTbl                                   0x10000e2c   Data          96  os_core.o(.bss)
    OSTmrTbl                                 0x10000e8c   Data         640  os_core.o(.bss)
    OSTmrTaskStk                             0x1000110c   Data         256  os_core.o(.bss)
    OSTmrWheelTbl                            0x1000120c   Data          64  os_core.o(.bss)
    __initial_sp                             0x10001450   Data           0  startup_lpc17xx.o(STACK)



==============================================================================

Memory Map of the image

  Image Entry point : 0x000000cd

  Load Region LR_IROM1 (Base: 0x00000000, Size: 0x000023a8, Max: 0x00080000, ABSOLUTE)

    Execution Region ER_IROM1 (Base: 0x00000000, Size: 0x00002334, Max: 0x00080000, ABSOLUTE)

    Base Addr    Size         Type   Attr      Idx    E Section Name        Object

    0x00000000   0x000000cc   Data   RO          278    RESET               startup_lpc17xx.o
    0x000000cc   0x00000000   Code   RO        12364  * .ARM.Collect$$$$00000000  mc_w.l(entry.o)
    0x000000cc   0x00000004   Code   RO        12472    .ARM.Collect$$$$00000001  mc_w.l(entry2.o)
    0x000000d0   0x00000004   Code   RO        12475    .ARM.Collect$$$$00000004  mc_w.l(entry5.o)
    0x000000d4   0x00000000   Code   RO        12477    .ARM.Collect$$$$00000008  mc_w.l(entry7b.o)
    0x000000d4   0x00000008   Code   RO        12478    .ARM.Collect$$$$00000009  mc_w.l(entry8.o)
    0x000000dc   0x00000004   Code   RO        12473    .ARM.Collect$$$$00002712  mc_w.l(entry2.o)
    0x000000e0   0x00000024   Code   RO          280    .text               startup_lpc17xx.o
    0x00000104   0x00000024   Code   RO        12512    .text               mc_w.l(init.o)
    0x00000128   0x000000a0   Code   RO          286    OSKernelschedular   os_cpu_a.o
    0x000001c8   0x00000002   Code   RO         1188    i.App_TCBInitHook   os_apphooks.o
    0x000001ca   0x0000000c   Code   RO            2    i.App_TaskCreate    main.o
    0x000001d6   0x00000002   Code   RO         1189    i.App_TaskCreateHook  os_apphooks.o
    0x000001d8   0x00000002   Code   RO         1190    i.App_TaskDelHook   os_apphooks.o
    0x000001da   0x00000002   Code   RO         1191    i.App_TaskIdleHook  os_apphooks.o
    0x000001dc   0x00000030   Code   RO            3    i.App_TaskStart     main.o
    0x0000020c   0x00000002   Code   RO         1193    i.App_TaskStatHook  os_apphooks.o
    0x0000020e   0x00000002   Code   RO         1195    i.App_TimeTickHook  os_apphooks.o
    0x00000210   0x00000040   Code   RO         2862    i.CLKPWR_ConfigPPWR  lpc17xx_clkpwr.o
    0x00000250   0x00000040   Code   RO         2865    i.CLKPWR_GetPCLK    lpc17xx_clkpwr.o
    0x00000290   0x00000028   Code   RO         2866    i.CLKPWR_GetPCLKSEL  lpc17xx_clkpwr.o
    0x000002b8   0x00000014   Code   RO         3242    i.GPIO_ClearValue   lpc17xx_gpio.o
    0x000002cc   0x00000028   Code   RO         3247    i.GPIO_SetDir       lpc17xx_gpio.o
    0x000002f4   0x00000002   Code   RO          290    i.OSInitHookEnd     os_cpu_c.o
    0x000002f6   0x00000002   Code   RO         1196    i.OSTaskReturnHook  os_apphooks.o
    0x000002f8   0x00000002   Code   RO          409    i.OS_Dummy          os_core.o
    0x000002fa   0x00000002   Code   RO        12519    i.__scatterload_null  mc_w.l(handlers.o)
    0x000002fc   0x00000004   Code   RO          279    .ARM.__at_0x02FC    startup_lpc17xx.o
    0x00000300   0x00000078   Code   RO         2868    i.CLKPWR_SetPCLKDiv  lpc17xx_clkpwr.o
    0x00000378   0x00000038   Code   RO         3244    i.GPIO_GetPointer   lpc17xx_gpio.o
    0x000003b0   0x00000014   Code   RO         3248    i.GPIO_SetValue     lpc17xx_gpio.o
    0x000003c4   0x0000015c   Code   RO          382    i.OSDebugInit       os_dbg.o
    0x00000520   0x00000068   Code   RO          398    i.OSEventNameSet    os_core.o
    0x00000588   0x00000038   Code   RO          400    i.OSInit            os_core.o
    0x000005c0   0x0000000c   Code   RO          289    i.OSInitHookBegin   os_cpu_c.o
    0x000005cc   0x00000090   Code   RO          402    i.OSIntExit         os_core.o
    0x0000065c   0x00000040   Code   RO          403    i.OSSchedLock       os_core.o
    0x0000069c   0x00000060   Code   RO          404    i.OSSchedUnlock     os_core.o
    0x000006fc   0x00000054   Code   RO          912    i.OSSemCreate       os_sem.o
    0x00000750   0x000000f8   Code   RO          914    i.OSSemPend         os_sem.o
    0x00000848   0x0000005e   Code   RO          916    i.OSSemPost         os_sem.o
    0x000008a6   0x00000002   PAD
    0x000008a8   0x00000048   Code   RO          405    i.OSStart           os_core.o
    0x000008f0   0x0000004c   Code   RO          406    i.OSStatInit        os_core.o
    0x0000093c   0x0000000c   Code   RO          291    i.OSTCBInitHook     os_cpu_c.o
    0x00000948   0x000000c0   Code   RO          967    i.OSTaskCreateExt   os_task.o
    0x00000a08   0x0000000c   Code   RO          292    i.OSTaskCreateHook  os_cpu_c.o
    0x00000a14   0x00000174   Code   RO          968    i.OSTaskDel         os_task.o
    0x00000b88   0x0000000c   Code   RO          293    i.OSTaskDelHook     os_cpu_c.o
    0x00000b94   0x00000008   Code   RO          294    i.OSTaskIdleHook    os_cpu_c.o
    0x00000b9c   0x00000084   Code   RO          971    i.OSTaskNameSet     os_task.o
    0x00000c20   0x00000008   Code   RO          295    i.OSTaskStatHook    os_cpu_c.o
    0x00000c28   0x000000a0   Code   RO          976    i.OSTaskStkChk      os_task.o
    0x00000cc8   0x0000009c   Code   RO          296    i.OSTaskStkInit     os_cpu_c.o
    0x00000d64   0x000000c4   Code   RO          977    i.OSTaskSuspend     os_task.o
    0x00000e28   0x00000080   Code   RO         1061    i.OSTimeDly         os_time.o
    0x00000ea8   0x00000084   Code   RO         1062    i.OSTimeDlyHMSM     os_time.o
    0x00000f2c   0x000000f4   Code   RO          407    i.OSTimeTick        os_core.o
    0x00001020   0x00000028   Code   RO          298    i.OSTimeTickHook    os_cpu_c.o
    0x00001048   0x00000014   Code   RO         1101    i.OSTmrSignal       os_tmr.o
    0x0000105c   0x000000f4   Code   RO         1107    i.OSTmr_Init        os_tmr.o
    0x00001150   0x0000004c   Code   RO         1108    i.OSTmr_InitTask    os_tmr.o
    0x0000119c   0x0000006c   Code   RO         1109    i.OSTmr_Link        os_tmr.o
    0x00001208   0x00000080   Code   RO         1110    i.OSTmr_Task        os_tmr.o
    0x00001288   0x00000044   Code   RO         1111    i.OSTmr_Unlink      os_tmr.o
    0x000012cc   0x00000030   Code   RO          299    i.OS_CPU_SysTickInit  os_cpu_c.o
    0x000012fc   0x0000009c   Code   RO          410    i.OS_EventTaskRdy   os_core.o
    0x00001398   0x00000032   Code   RO          411    i.OS_EventTaskRemove  os_core.o
    0x000013ca   0x00000050   Code   RO          412    i.OS_EventTaskRemoveMulti  os_core.o
    0x0000141a   0x00000002   PAD
    0x0000141c   0x00000084   Code   RO          413    i.OS_EventTaskWait  os_core.o
    0x000014a0   0x0000001c   Code   RO          415    i.OS_EventWaitListInit  os_core.o
    0x000014bc   0x00000058   Code   RO          618    i.OS_FlagInit       os_flag.o
    0x00001514   0x00000024   Code   RO          620    i.OS_FlagUnlink     os_flag.o
    0x00001538   0x00000060   Code   RO          416    i.OS_InitEventList  os_core.o
    0x00001598   0x00000054   Code   RO          417    i.OS_InitMisc       os_core.o
    0x000015ec   0x00000044   Code   RO          418    i.OS_InitRdyList    os_core.o
    0x00001630   0x00000080   Code   RO          419    i.OS_InitTCBList    os_core.o
    0x000016b0   0x0000004c   Code   RO          420    i.OS_InitTaskIdle   os_core.o
    0x000016fc   0x0000004c   Code   RO          421    i.OS_InitTaskStat   os_core.o
    0x00001748   0x00000012   Code   RO          422    i.OS_MemClr         os_core.o
    0x0000175a   0x00000002   PAD
    0x0000175c   0x00000058   Code   RO          750    i.OS_MemInit        os_mem.o
    0x000017b4   0x00000050   Code   RO          849    i.OS_QInit          os_q.o
    0x00001804   0x00000074   Code   RO          424    i.OS_Sched          os_core.o
    0x00001878   0x0000002c   Code   RO          425    i.OS_SchedNew       os_core.o
    0x000018a4   0x00000144   Code   RO          427    i.OS_TCBInit        os_core.o
    0x000019e8   0x00000028   Code   RO          428    i.OS_TaskIdle       os_core.o
    0x00001a10   0x00000018   Code   RO          978    i.OS_TaskReturn     os_task.o
    0x00001a28   0x00000088   Code   RO          429    i.OS_TaskStat       os_core.o
    0x00001ab0   0x0000003c   Code   RO          430    i.OS_TaskStatStkChk  os_core.o
    0x00001aec   0x0000001a   Code   RO          979    i.OS_TaskStkClr     os_task.o
    0x00001b06   0x00000024   Code   RO         3832    i.PINSEL_ConfigPin  lpc17xx_pinsel.o
    0x00001b2a   0x0000000e   Code   RO         4908    i.Pluse_CleanOutput  rit_test.o
    0x00001b38   0x00000088   Code   RO         4909    i.Pluse_Init        rit_test.o
    0x00001bc0   0x0000000e   Code   RO         4910    i.Pluse_SetOutput   rit_test.o
    0x00001bce   0x00000002   PAD
    0x00001bd0   0x00000080   Code   RO         4117    i.RIT_Cmd           lpc17xx_rit.o
    0x00001c50   0x00000074   Code   RO         4119    i.RIT_GetIntStatus  lpc17xx_rit.o
    0x00001cc4   0x00000090   Code   RO         4911    i.RIT_IRQHandler    rit_test.o
    0x00001d54   0x00000078   Code   RO         4120    i.RIT_Init          lpc17xx_rit.o
    0x00001dcc   0x000000a4   Code   RO         4912    i.RIT_Test_Init     rit_test.o
    0x00001e70   0x0000007c   Code   RO         4121    i.RIT_TimerConfig   lpc17xx_rit.o
    0x00001eec   0x00000028   Code   RO          300    i.SysTick_Handler   os_cpu_c.o
    0x00001f14   0x00000160   Code   RO          250    i.SystemInit        system_lpc17xx.o
    0x00002074   0x0000000e   Code   RO        12518    i.__scatterload_copy  mc_w.l(handlers.o)
    0x00002082   0x0000000e   Code   RO        12520    i.__scatterload_zeroinit  mc_w.l(handlers.o)
    0x00002090   0x00000004   Code   RO         3685    i.check_failed      lpc17xx_libcfg_default.o
    0x00002094   0x0000005c   Code   RO            4    i.main              main.o
    0x000020f0   0x00000030   Code   RO         3835    i.set_OpenDrainMode  lpc17xx_pinsel.o
    0x00002120   0x00000040   Code   RO         3836    i.set_PinFunc       lpc17xx_pinsel.o
    0x00002160   0x00000040   Code   RO         3837    i.set_ResistorMode  lpc17xx_pinsel.o
    0x000021a0   0x00000074   Data   RO          383    .constdata          os_dbg.o
    0x00002214   0x00000100   Data   RO          432    .constdata          os_core.o
    0x00002314   0x00000020   Data   RO        12516    Region$$Table       anon$$obj.o


    Execution Region RW_IRAM1 (Base: 0x10000000, Size: 0x00001450, Max: 0x00008000, ABSOLUTE)

    Base Addr    Size         Type   Attr      Idx    E Section Name        Object

    0x10000000   0x00000004   Data   RW          251    .data               system_lpc17xx.o
    0x10000004   0x00000002   Data   RW          301    .data               os_cpu_c.o
    0x10000006   0x00000002   PAD
    0x10000008   0x00000060   Data   RW          433    .data               os_core.o
    0x10000068   0x00000009   Data   RW         4913    .data               rit_test.o
    0x10000071   0x00000003   PAD
    0x10000074   0x00000100   Zero   RW            5    .bss                main.o
    0x10000174   0x000010d8   Zero   RW          431    .bss                os_core.o
    0x1000124c   0x00000004   PAD
    0x10001250   0x00000200   Zero   RW          276    STACK               startup_lpc17xx.o


==============================================================================

Image component sizes


      Code (inc. data)   RO Data    RW Data    ZI Data      Debug   Object Name

         0          0          0          0          0       3000   debug_frmwrk.o
       288         42          0          0          0       2389   lpc17xx_clkpwr.o
       136         10          0          0          0       4160   lpc17xx_gpio.o
         4          0          0          0          0        851   lpc17xx_libcfg_default.o
       212         14          0          0          0       2855   lpc17xx_pinsel.o
       488        264          0          0          0       2778   lpc17xx_rit.o
       152         26          0          0        256      39722   main.o
        14          0          0          0          0       2853   os_apphooks.o
      2570        412        256         96       4312      23497   os_core.o
       160         28          0          0          0        328   os_cpu_a.o
       350         26          0          2          0      15850   os_cpu_c.o
       348        230        116          0          0       3390   os_dbg.o
       124         14          0          0          0       1110   os_flag.o
        88         14          0          0          0        493   os_mem.o
        80          8          0          0          0        519   os_q.o
       426         24          0          0          0       2282   os_sem.o
      1102        104          0          0          0       5649   os_task.o
       260         28          0          0          0       1360   os_time.o
       644        132          0          0          0       3555   os_tmr.o
       472         46          0          9          0      18119   rit_test.o
        40         12        204          0        512       1020   startup_lpc17xx.o
       352         70          0          4          0        819   system_lpc17xx.o

    ----------------------------------------------------------------------
      8318       1504        608        116       5084     136599   Object Totals
         0          0         32          0          0          0   (incl. Generated)
         8          0          0          5          4          0   (incl. Padding)

    ----------------------------------------------------------------------

      Code (inc. data)   RO Data    RW Data    ZI Data      Debug   Library Member Name

         0          0          0          0          0          0   entry.o
         8          4          0          0          0          0   entry2.o
         4          0          0          0          0          0   entry5.o
         0          0          0          0          0          0   entry7b.o
         8          4          0          0          0          0   entry8.o
        30          0          0          0          0          0   handlers.o
        36          8          0          0          0         68   init.o

    ----------------------------------------------------------------------
        86         16          0          0          0         68   Library Totals
         0          0          0          0          0          0   (incl. Padding)

    ----------------------------------------------------------------------

      Code (inc. data)   RO Data    RW Data    ZI Data      Debug   Library Name

        86         16          0          0          0         68   mc_w.l

    ----------------------------------------------------------------------
        86         16          0          0          0         68   Library Totals

    ----------------------------------------------------------------------

==============================================================================


      Code (inc. data)   RO Data    RW Data    ZI Data      Debug   

      8404       1520        608        116       5084     131987   Grand Totals
      8404       1520        608        116       5084     131987   ELF Image Totals
      8404       1520        608        116          0          0   ROM Totals

==============================================================================

    Total RO  Size (Code + RO Data)                 9012 (   8.80kB)
    Total RW  Size (RW Data + ZI Data)              5200 (   5.08kB)
    Total ROM Size (Code + RO Data + RW Data)       9128 (   8.91kB)

==============================================================================

